$ /home/<user>/shibudb-server-benchmarking/.venv/bin/python /home/<user>/shibudb-server-benchmarking/benchmark.py --suites kv --concurrency 1 2 4 8 16 --host localhost --port 4444 --user admin --password <redacted> --drop-existing --cleanup --out results/kv_100000_10000.csv --both-wal --kv-keys 100000 --kv-value-size 100
# started: 2026-08-11 12:51:32 UTC

{
  "timestamp": "2026-08-11T12:51:32.553481+00:00",
  "git_commit": "22b30f0351acb1f56cdbe77742f47c0e93a54067",
  "shibudb_client_version": "unknown",
  "python_version": "3.13.5",
  "dataset": "SIFT1M",
  "client": {
    "host": "test2",
    "platform": "Linux-6.12.100+deb13-cloud-amd64-x86_64-with-glibc2.41",
    "processor": "AMD EPYC 7B12",
    "cpu_count": 16,
    "ram_gb": 23.5
  },
  "server": {
    "host": "localhost",
    "port": 4444,
    "version": "unknown",
    "commit": "unknown",
    "hostname": "test2",
    "platform": "Linux-6.12.100+deb13-cloud-amd64-x86_64-with-glibc2.41",
    "processor": "AMD EPYC 7B12",
    "cpu_count": 16,
    "ram_gb": 23.5,
    "disk": "10 GB total (/)",
    "notes": "auto-detected (server co-located with benchmark client)"
  },
  "data_scale": {
    "dataset": "SIFT1M",
    "suites": [
      "key_value"
    ],
    "num_base": 100000,
    "num_queries": 1000,
    "dimension": 128,
    "k": 10,
    "metric": "L2",
    "full_sift_base": false,
    "vector_base_bytes": 51200000,
    "vector_query_bytes": 512000,
    "kv_keys": 100000,
    "kv_value_size_bytes": 100,
    "kv_total_bytes_approx": 10800000
  },
  "client_host": "test2",
  "server_host": "localhost",
  "server_port": 4444,
  "platform": "Linux-6.12.100+deb13-cloud-amd64-x86_64-with-glibc2.41",
  "processor": "AMD EPYC 7B12",
  "cpu_count": 16,
  "args": {
    "host": "localhost",
    "port": 4444,
    "user": "admin",
    "timeout": 120,
    "server_version": "",
    "server_commit": "",
    "server_info_file": "",
    "suites": [
      "kv"
    ],
    "data_dir": "/home/<user>/.shibudb-benchmarks/data",
    "num_base": 100000,
    "num_queries": 1000,
    "k": 10,
    "dimension": 128,
    "index_types": [
      "Flat",
      "HNSW8",
      "HNSW16",
      "HNSW32",
      "HNSW64",
      "IVF64,Flat",
      "IVF128,Flat",
      "IVF256,Flat",
      "IVF256,PQ8",
      "IVF256,PQ16",
      "PQ8",
      "PQ16"
    ],
    "metric": "L2",
    "both_wal": true,
    "enable_wal": false,
    "kv_keys": 100000,
    "kv_value_size": 100,
    "concurrency": [
      1,
      2,
      4,
      8,
      16
    ],
    "ingest_concurrency": 16,
    "client_parallelism": "process",
    "settle_timeout": 600,
    "post_ingest_wait": 60,
    "drop_existing": true,
    "cleanup": true,
    "space_prefix": "bench",
    "out": "results/kv_100000_10000.csv"
  }
}

=== KEY-VALUE wal=False ===
[put] 65582 ops/s (1.5s, 0 failed)
[get] c=1       12393 ops/s p99=0.15ms failed=0
[get] c=2       21590 ops/s p99=0.23ms failed=0
[get] c=4       24924 ops/s p99=0.28ms failed=0
[get] c=8       44691 ops/s p99=0.39ms failed=0
[get] c=16      61894 ops/s p99=0.60ms failed=0
[delete] c=16      53764 ops/s p99=0.63ms failed=0

=== KEY-VALUE wal=True ===
[put] 653 ops/s (153.2s, 0 failed)
[get] c=1       13211 ops/s p99=0.13ms failed=0
[get] c=2       21180 ops/s p99=0.23ms failed=0
[get] c=4       24666 ops/s p99=0.28ms failed=0
[get] c=8       44743 ops/s p99=0.37ms failed=0
[get] c=16      63862 ops/s p99=0.56ms failed=0
[delete] c=16        658 ops/s p99=32.15ms failed=0

=== Summary ===
key_value        put                             wal=0 c=16     65581.7 ops/s p99=0.56ms
key_value        get                             wal=0 c=1      12392.9 ops/s p99=0.15ms
key_value        get                             wal=0 c=2      21589.9 ops/s p99=0.23ms
key_value        get                             wal=0 c=4      24924.3 ops/s p99=0.28ms
key_value        get                             wal=0 c=8      44690.7 ops/s p99=0.39ms
key_value        get                             wal=0 c=16     61893.7 ops/s p99=0.60ms
key_value        delete                          wal=0 c=16     53763.6 ops/s p99=0.63ms
key_value        put                             wal=1 c=16       652.9 ops/s p99=32.29ms
key_value        get                             wal=1 c=1      13210.8 ops/s p99=0.13ms
key_value        get                             wal=1 c=2      21179.8 ops/s p99=0.23ms
key_value        get                             wal=1 c=4      24665.8 ops/s p99=0.28ms
key_value        get                             wal=1 c=8      44742.8 ops/s p99=0.37ms
key_value        get                             wal=1 c=16     63862.3 ops/s p99=0.56ms
key_value        delete                          wal=1 c=16       657.7 ops/s p99=32.15ms

Wrote results/kv_100000_10000.csv and results/kv_100000_10000.json

# finished: 2026-08-11 12:57:22 UTC (elapsed 351s, exit code 0)
