$ /home/<user>/shibudb-server-benchmarking/.venv/bin/python /home/<user>/shibudb-server-benchmarking/benchmark.py --suites vector --concurrency 1 2 4 8 16 --host localhost --port 4444 --user admin --password <redacted> --drop-existing --cleanup --out results/vector_PQ8_50000_10000.csv --both-wal --num-base 50000 --num-queries 10000 --k 10 --ingest-concurrency 16 --post-ingest-wait 60 --index-types PQ8
# started: 2026-08-11 10:46:21 UTC

{
  "timestamp": "2026-08-11T10:46:21.317344+00:00",
  "git_commit": "22b30f0351acb1f56cdbe77742f47c0e93a54067",
  "shibudb_client_version": "unknown",
  "python_version": "3.13.5",
  "dataset": "SIFT1M",
  "client": {
    "host": "test2",
    "platform": "Linux-6.12.100+deb13-cloud-amd64-x86_64-with-glibc2.41",
    "processor": "AMD EPYC 7B12",
    "cpu_count": 16,
    "ram_gb": 23.5
  },
  "server": {
    "host": "localhost",
    "port": 4444,
    "version": "unknown",
    "commit": "unknown",
    "hostname": "test2",
    "platform": "Linux-6.12.100+deb13-cloud-amd64-x86_64-with-glibc2.41",
    "processor": "AMD EPYC 7B12",
    "cpu_count": 16,
    "ram_gb": 23.5,
    "disk": "10 GB total (/)",
    "notes": "auto-detected (server co-located with benchmark client)"
  },
  "data_scale": {
    "dataset": "SIFT1M",
    "suites": [
      "vector_search"
    ],
    "num_base": 50000,
    "num_queries": 10000,
    "dimension": 128,
    "k": 10,
    "metric": "L2",
    "full_sift_base": false,
    "vector_base_bytes": 25600000,
    "vector_query_bytes": 5120000,
    "kv_keys": 100000,
    "kv_value_size_bytes": 100,
    "kv_total_bytes_approx": 10800000
  },
  "client_host": "test2",
  "server_host": "localhost",
  "server_port": 4444,
  "platform": "Linux-6.12.100+deb13-cloud-amd64-x86_64-with-glibc2.41",
  "processor": "AMD EPYC 7B12",
  "cpu_count": 16,
  "args": {
    "host": "localhost",
    "port": 4444,
    "user": "admin",
    "timeout": 120,
    "server_version": "",
    "server_commit": "",
    "server_info_file": "",
    "suites": [
      "vector"
    ],
    "data_dir": "/home/<user>/.shibudb-benchmarks/data",
    "num_base": 50000,
    "num_queries": 10000,
    "k": 10,
    "dimension": 128,
    "index_types": [
      "PQ8"
    ],
    "metric": "L2",
    "both_wal": true,
    "enable_wal": false,
    "kv_keys": 100000,
    "kv_value_size": 100,
    "concurrency": [
      1,
      2,
      4,
      8,
      16
    ],
    "ingest_concurrency": 16,
    "client_parallelism": "process",
    "settle_timeout": 600,
    "post_ingest_wait": 60,
    "drop_existing": true,
    "cleanup": true,
    "space_prefix": "bench",
    "out": "results/vector_PQ8_50000_10000.csv"
  }
}
Loaded SIFT1M: base=(1000000, 128) query=(10000, 128) groundtruth=(10000, 100)
[gt] computing exact ground-truth (num_base=50000, metric=L2)...
[gt] done in 2.7s

=== VECTOR index=PQ8 wal=False ===
[ingest] 21915 vec/s (2.3s, 0 failed)
[settle] waiting 60s for training/flushing to settle...
[query] c=1    QPS=   358.4 recall@10=0.4381 p99=3.97ms failed=0
[query] c=2    QPS=   595.9 recall@10=0.4381 p99=5.86ms failed=0
[query] c=4    QPS=   925.2 recall@10=0.4379 p99=6.73ms failed=0
[query] c=8    QPS=  1286.2 recall@10=0.4381 p99=9.63ms failed=0
[query] c=16   QPS=  1764.8 recall@10=0.4373 p99=15.61ms failed=0

=== VECTOR index=PQ8 wal=True ===
[ingest] 598 vec/s (83.6s, 0 failed)
[settle] waiting 60s for training/flushing to settle...
[query] c=1    QPS=   392.7 recall@10=0.4367 p99=3.27ms failed=0
[query] c=2    QPS=   629.8 recall@10=0.4367 p99=5.26ms failed=0
[query] c=4    QPS=   959.5 recall@10=0.4366 p99=6.47ms failed=0
[query] c=8    QPS=  1290.7 recall@10=0.4364 p99=9.61ms failed=0
[query] c=16   QPS=  1917.8 recall@10=0.4361 p99=14.99ms failed=0

=== Summary ===
vector_search    insert           PQ8            wal=0 c=16     21915.4 ops/s p99=2.53ms
vector_search    search           PQ8            wal=0 c=1        358.4 ops/s p99=3.97ms recall@10=0.4381
vector_search    search           PQ8            wal=0 c=2        595.9 ops/s p99=5.86ms recall@10=0.4381
vector_search    search           PQ8            wal=0 c=4        925.2 ops/s p99=6.73ms recall@10=0.4379
vector_search    search           PQ8            wal=0 c=8       1286.2 ops/s p99=9.63ms recall@10=0.4381
vector_search    search           PQ8            wal=0 c=16      1764.8 ops/s p99=15.61ms recall@10=0.4373
vector_search    insert           PQ8            wal=1 c=16       598.3 ops/s p99=32.48ms
vector_search    search           PQ8            wal=1 c=1        392.7 ops/s p99=3.27ms recall@10=0.4367
vector_search    search           PQ8            wal=1 c=2        629.8 ops/s p99=5.26ms recall@10=0.4367
vector_search    search           PQ8            wal=1 c=4        959.5 ops/s p99=6.47ms recall@10=0.4366
vector_search    search           PQ8            wal=1 c=8       1290.7 ops/s p99=9.61ms recall@10=0.4364
vector_search    search           PQ8            wal=1 c=16      1917.8 ops/s p99=14.99ms recall@10=0.4361

Wrote results/vector_PQ8_50000_10000.csv and results/vector_PQ8_50000_10000.json

# finished: 2026-08-11 10:52:05 UTC (elapsed 344s, exit code 0)
