$ /home/<user>/shibudb-server-benchmarking/.venv/bin/python /home/<user>/shibudb-server-benchmarking/benchmark.py --suites vector --concurrency 1 2 4 8 16 --host localhost --port 4444 --user admin --password <redacted> --drop-existing --cleanup --out results/vector_PQ16_1000000_10000.csv --both-wal --num-base 1000000 --num-queries 10000 --k 10 --ingest-concurrency 16 --post-ingest-wait 60 --index-types PQ16
# started: 2026-08-12 02:14:11 UTC

{
  "timestamp": "2026-08-12T02:14:12.119514+00:00",
  "git_commit": "22b30f0351acb1f56cdbe77742f47c0e93a54067",
  "shibudb_client_version": "unknown",
  "python_version": "3.13.5",
  "dataset": "SIFT1M",
  "client": {
    "host": "test2",
    "platform": "Linux-6.12.100+deb13-cloud-amd64-x86_64-with-glibc2.41",
    "processor": "AMD EPYC 7B12",
    "cpu_count": 16,
    "ram_gb": 23.5
  },
  "server": {
    "host": "localhost",
    "port": 4444,
    "version": "unknown",
    "commit": "unknown",
    "hostname": "test2",
    "platform": "Linux-6.12.100+deb13-cloud-amd64-x86_64-with-glibc2.41",
    "processor": "AMD EPYC 7B12",
    "cpu_count": 16,
    "ram_gb": 23.5,
    "disk": "10 GB total (/)",
    "notes": "auto-detected (server co-located with benchmark client)"
  },
  "data_scale": {
    "dataset": "SIFT1M",
    "suites": [
      "vector_search"
    ],
    "num_base": 1000000,
    "num_queries": 10000,
    "dimension": 128,
    "k": 10,
    "metric": "L2",
    "full_sift_base": true,
    "vector_base_bytes": 512000000,
    "vector_query_bytes": 5120000,
    "kv_keys": 100000,
    "kv_value_size_bytes": 100,
    "kv_total_bytes_approx": 10800000
  },
  "client_host": "test2",
  "server_host": "localhost",
  "server_port": 4444,
  "platform": "Linux-6.12.100+deb13-cloud-amd64-x86_64-with-glibc2.41",
  "processor": "AMD EPYC 7B12",
  "cpu_count": 16,
  "args": {
    "host": "localhost",
    "port": 4444,
    "user": "admin",
    "timeout": 120,
    "server_version": "",
    "server_commit": "",
    "server_info_file": "",
    "suites": [
      "vector"
    ],
    "data_dir": "/home/<user>/.shibudb-benchmarks/data",
    "num_base": 1000000,
    "num_queries": 10000,
    "k": 10,
    "dimension": 128,
    "index_types": [
      "PQ16"
    ],
    "metric": "L2",
    "both_wal": true,
    "enable_wal": false,
    "kv_keys": 100000,
    "kv_value_size": 100,
    "concurrency": [
      1,
      2,
      4,
      8,
      16
    ],
    "ingest_concurrency": 16,
    "client_parallelism": "process",
    "settle_timeout": 600,
    "post_ingest_wait": 60,
    "drop_existing": true,
    "cleanup": true,
    "space_prefix": "bench",
    "out": "results/vector_PQ16_1000000_10000.csv"
  }
}
Loaded SIFT1M: base=(1000000, 128) query=(10000, 128) groundtruth=(10000, 100)
[gt] using canonical SIFT ground-truth

=== VECTOR index=PQ16 wal=False ===
[ingest] 22014 vec/s (45.4s, 0 failed)
[settle] waiting 60s for training/flushing to settle...
[query] c=1    QPS=   157.3 recall@10=0.5397 p99=7.63ms failed=0
[query] c=2    QPS=   292.6 recall@10=0.5397 p99=12.72ms failed=0
[query] c=4    QPS=   503.6 recall@10=0.5397 p99=14.56ms failed=0
[query] c=8    QPS=   775.4 recall@10=0.5397 p99=15.84ms failed=0
[query] c=16   QPS=  1013.6 recall@10=0.5397 p99=20.43ms failed=0

=== VECTOR index=PQ16 wal=True ===
[ingest] 597 vec/s (1674.3s, 0 failed)
[settle] waiting 60s for training/flushing to settle...
[query] c=1    QPS=   157.8 recall@10=0.5406 p99=7.41ms failed=0
[query] c=2    QPS=   288.9 recall@10=0.5406 p99=12.93ms failed=0
[query] c=4    QPS=   502.3 recall@10=0.5406 p99=13.92ms failed=0
[query] c=8    QPS=   771.7 recall@10=0.5406 p99=15.81ms failed=0
[query] c=16   QPS=  1005.4 recall@10=0.5406 p99=20.28ms failed=0

=== Summary ===
vector_search    insert           PQ16           wal=0 c=16     22014.4 ops/s p99=5.19ms
vector_search    search           PQ16           wal=0 c=1        157.3 ops/s p99=7.63ms recall@10=0.5397
vector_search    search           PQ16           wal=0 c=2        292.6 ops/s p99=12.72ms recall@10=0.5397
vector_search    search           PQ16           wal=0 c=4        503.6 ops/s p99=14.56ms recall@10=0.5397
vector_search    search           PQ16           wal=0 c=8        775.4 ops/s p99=15.84ms recall@10=0.5397
vector_search    search           PQ16           wal=0 c=16      1013.6 ops/s p99=20.43ms recall@10=0.5397
vector_search    insert           PQ16           wal=1 c=16       597.3 ops/s p99=35.54ms
vector_search    search           PQ16           wal=1 c=1        157.8 ops/s p99=7.41ms recall@10=0.5406
vector_search    search           PQ16           wal=1 c=2        288.9 ops/s p99=12.93ms recall@10=0.5406
vector_search    search           PQ16           wal=1 c=4        502.3 ops/s p99=13.92ms recall@10=0.5406
vector_search    search           PQ16           wal=1 c=8        771.7 ops/s p99=15.81ms recall@10=0.5406
vector_search    search           PQ16           wal=1 c=16      1005.4 ops/s p99=20.28ms recall@10=0.5406

Wrote results/vector_PQ16_1000000_10000.csv and results/vector_PQ16_1000000_10000.json

# finished: 2026-08-12 02:49:51 UTC (elapsed 2140s, exit code 0)
