$ /home/<user>/shibudb-server-benchmarking/.venv/bin/python /home/<user>/shibudb-server-benchmarking/benchmark.py --suites vector --concurrency 1 2 4 8 16 --host localhost --port 4444 --user admin --password <redacted> --drop-existing --cleanup --out results/vector_IVF64-Flat_50000_10000.csv --both-wal --num-base 50000 --num-queries 10000 --k 10 --ingest-concurrency 16 --post-ingest-wait 60 --index-types IVF64,Flat
# started: 2026-08-11 10:27:05 UTC

{
  "timestamp": "2026-08-11T10:27:05.469909+00:00",
  "git_commit": "22b30f0351acb1f56cdbe77742f47c0e93a54067",
  "shibudb_client_version": "unknown",
  "python_version": "3.13.5",
  "dataset": "SIFT1M",
  "client": {
    "host": "test2",
    "platform": "Linux-6.12.100+deb13-cloud-amd64-x86_64-with-glibc2.41",
    "processor": "AMD EPYC 7B12",
    "cpu_count": 16,
    "ram_gb": 23.5
  },
  "server": {
    "host": "localhost",
    "port": 4444,
    "version": "unknown",
    "commit": "unknown",
    "hostname": "test2",
    "platform": "Linux-6.12.100+deb13-cloud-amd64-x86_64-with-glibc2.41",
    "processor": "AMD EPYC 7B12",
    "cpu_count": 16,
    "ram_gb": 23.5,
    "disk": "10 GB total (/)",
    "notes": "auto-detected (server co-located with benchmark client)"
  },
  "data_scale": {
    "dataset": "SIFT1M",
    "suites": [
      "vector_search"
    ],
    "num_base": 50000,
    "num_queries": 10000,
    "dimension": 128,
    "k": 10,
    "metric": "L2",
    "full_sift_base": false,
    "vector_base_bytes": 25600000,
    "vector_query_bytes": 5120000,
    "kv_keys": 100000,
    "kv_value_size_bytes": 100,
    "kv_total_bytes_approx": 10800000
  },
  "client_host": "test2",
  "server_host": "localhost",
  "server_port": 4444,
  "platform": "Linux-6.12.100+deb13-cloud-amd64-x86_64-with-glibc2.41",
  "processor": "AMD EPYC 7B12",
  "cpu_count": 16,
  "args": {
    "host": "localhost",
    "port": 4444,
    "user": "admin",
    "timeout": 120,
    "server_version": "",
    "server_commit": "",
    "server_info_file": "",
    "suites": [
      "vector"
    ],
    "data_dir": "/home/<user>/.shibudb-benchmarks/data",
    "num_base": 50000,
    "num_queries": 10000,
    "k": 10,
    "dimension": 128,
    "index_types": [
      "IVF64,Flat"
    ],
    "metric": "L2",
    "both_wal": true,
    "enable_wal": false,
    "kv_keys": 100000,
    "kv_value_size": 100,
    "concurrency": [
      1,
      2,
      4,
      8,
      16
    ],
    "ingest_concurrency": 16,
    "client_parallelism": "process",
    "settle_timeout": 600,
    "post_ingest_wait": 60,
    "drop_existing": true,
    "cleanup": true,
    "space_prefix": "bench",
    "out": "results/vector_IVF64-Flat_50000_10000.csv"
  }
}
Loaded SIFT1M: base=(1000000, 128) query=(10000, 128) groundtruth=(10000, 100)
[gt] computing exact ground-truth (num_base=50000, metric=L2)...
[gt] done in 2.7s

=== VECTOR index=IVF64,Flat wal=False ===
[ingest] 21337 vec/s (2.3s, 0 failed)
[settle] waiting 60s for training/flushing to settle...
[query] c=1    QPS=  1917.0 recall@10=0.5384 p99=0.88ms failed=0
[query] c=2    QPS=  2895.6 recall@10=0.5384 p99=1.14ms failed=0
[query] c=4    QPS=  5601.0 recall@10=0.5384 p99=1.30ms failed=0
[query] c=8    QPS=  7798.9 recall@10=0.5384 p99=1.73ms failed=0
[query] c=16   QPS=  8079.6 recall@10=0.5384 p99=4.09ms failed=0

=== VECTOR index=IVF64,Flat wal=True ===
[ingest] 626 vec/s (79.8s, 0 failed)
[settle] waiting 60s for training/flushing to settle...
[query] c=1    QPS=  2025.1 recall@10=0.5465 p99=0.83ms failed=0
[query] c=2    QPS=  2903.8 recall@10=0.5465 p99=1.13ms failed=0
[query] c=4    QPS=  5579.1 recall@10=0.5465 p99=1.32ms failed=0
[query] c=8    QPS=  7737.4 recall@10=0.5465 p99=1.76ms failed=0
[query] c=16   QPS=  8189.2 recall@10=0.5465 p99=4.10ms failed=0

=== Summary ===
vector_search    insert           IVF64,Flat     wal=0 c=16     21337.3 ops/s p99=2.62ms
vector_search    search           IVF64,Flat     wal=0 c=1       1917.0 ops/s p99=0.88ms recall@10=0.5384
vector_search    search           IVF64,Flat     wal=0 c=2       2895.6 ops/s p99=1.14ms recall@10=0.5384
vector_search    search           IVF64,Flat     wal=0 c=4       5601.0 ops/s p99=1.30ms recall@10=0.5384
vector_search    search           IVF64,Flat     wal=0 c=8       7798.9 ops/s p99=1.73ms recall@10=0.5384
vector_search    search           IVF64,Flat     wal=0 c=16      8079.6 ops/s p99=4.09ms recall@10=0.5384
vector_search    insert           IVF64,Flat     wal=1 c=16       626.3 ops/s p99=30.38ms
vector_search    search           IVF64,Flat     wal=1 c=1       2025.1 ops/s p99=0.83ms recall@10=0.5465
vector_search    search           IVF64,Flat     wal=1 c=2       2903.8 ops/s p99=1.13ms recall@10=0.5465
vector_search    search           IVF64,Flat     wal=1 c=4       5579.1 ops/s p99=1.32ms recall@10=0.5465
vector_search    search           IVF64,Flat     wal=1 c=8       7737.4 ops/s p99=1.76ms recall@10=0.5465
vector_search    search           IVF64,Flat     wal=1 c=16      8189.2 ops/s p99=4.10ms recall@10=0.5465

Wrote results/vector_IVF64-Flat_50000_10000.csv and results/vector_IVF64-Flat_50000_10000.json

# finished: 2026-08-11 10:30:57 UTC (elapsed 233s, exit code 0)
