$ /home/<user>/shibudb-server-benchmarking/.venv/bin/python /home/<user>/shibudb-server-benchmarking/benchmark.py --suites vector --concurrency 1 2 4 8 16 --host localhost --port 4444 --user admin --password <redacted> --drop-existing --cleanup --out results/vector_IVF256-Flat_500000_10000.csv --both-wal --num-base 500000 --num-queries 10000 --k 10 --ingest-concurrency 16 --post-ingest-wait 60 --index-types IVF256,Flat
# started: 2026-08-11 15:16:54 UTC

{
  "timestamp": "2026-08-11T15:16:54.305787+00:00",
  "git_commit": "22b30f0351acb1f56cdbe77742f47c0e93a54067",
  "shibudb_client_version": "unknown",
  "python_version": "3.13.5",
  "dataset": "SIFT1M",
  "client": {
    "host": "test2",
    "platform": "Linux-6.12.100+deb13-cloud-amd64-x86_64-with-glibc2.41",
    "processor": "AMD EPYC 7B12",
    "cpu_count": 16,
    "ram_gb": 23.5
  },
  "server": {
    "host": "localhost",
    "port": 4444,
    "version": "unknown",
    "commit": "unknown",
    "hostname": "test2",
    "platform": "Linux-6.12.100+deb13-cloud-amd64-x86_64-with-glibc2.41",
    "processor": "AMD EPYC 7B12",
    "cpu_count": 16,
    "ram_gb": 23.5,
    "disk": "10 GB total (/)",
    "notes": "auto-detected (server co-located with benchmark client)"
  },
  "data_scale": {
    "dataset": "SIFT1M",
    "suites": [
      "vector_search"
    ],
    "num_base": 500000,
    "num_queries": 10000,
    "dimension": 128,
    "k": 10,
    "metric": "L2",
    "full_sift_base": false,
    "vector_base_bytes": 256000000,
    "vector_query_bytes": 5120000,
    "kv_keys": 100000,
    "kv_value_size_bytes": 100,
    "kv_total_bytes_approx": 10800000
  },
  "client_host": "test2",
  "server_host": "localhost",
  "server_port": 4444,
  "platform": "Linux-6.12.100+deb13-cloud-amd64-x86_64-with-glibc2.41",
  "processor": "AMD EPYC 7B12",
  "cpu_count": 16,
  "args": {
    "host": "localhost",
    "port": 4444,
    "user": "admin",
    "timeout": 120,
    "server_version": "",
    "server_commit": "",
    "server_info_file": "",
    "suites": [
      "vector"
    ],
    "data_dir": "/home/<user>/.shibudb-benchmarks/data",
    "num_base": 500000,
    "num_queries": 10000,
    "k": 10,
    "dimension": 128,
    "index_types": [
      "IVF256,Flat"
    ],
    "metric": "L2",
    "both_wal": true,
    "enable_wal": false,
    "kv_keys": 100000,
    "kv_value_size": 100,
    "concurrency": [
      1,
      2,
      4,
      8,
      16
    ],
    "ingest_concurrency": 16,
    "client_parallelism": "process",
    "settle_timeout": 600,
    "post_ingest_wait": 60,
    "drop_existing": true,
    "cleanup": true,
    "space_prefix": "bench",
    "out": "results/vector_IVF256-Flat_500000_10000.csv"
  }
}
Loaded SIFT1M: base=(1000000, 128) query=(10000, 128) groundtruth=(10000, 100)
[gt] computing exact ground-truth (num_base=500000, metric=L2)...
[gt] done in 32.5s

=== VECTOR index=IVF256,Flat wal=False ===
[ingest] 31164 vec/s (16.0s, 0 failed)
[settle] waiting 60s for training/flushing to settle...
[query] c=1    QPS=  1684.0 recall@10=0.4606 p99=0.87ms failed=0
[query] c=2    QPS=  2334.9 recall@10=0.4606 p99=1.16ms failed=0
[query] c=4    QPS=  4412.0 recall@10=0.4606 p99=1.20ms failed=0
[query] c=8    QPS=  5811.0 recall@10=0.4606 p99=1.45ms failed=0
[query] c=16   QPS=  5583.5 recall@10=0.4606 p99=2.52ms failed=0

=== VECTOR index=IVF256,Flat wal=True ===
[ingest] 607 vec/s (823.3s, 0 failed)
[settle] waiting 60s for training/flushing to settle...
[query] c=1    QPS=  1712.5 recall@10=0.4620 p99=0.86ms failed=0
[query] c=2    QPS=  2348.2 recall@10=0.4620 p99=1.13ms failed=0
[query] c=4    QPS=  4646.9 recall@10=0.4620 p99=1.18ms failed=0
[query] c=8    QPS=  6088.3 recall@10=0.4620 p99=1.44ms failed=0
[query] c=16   QPS=  4029.2 recall@10=0.4620 p99=2.70ms failed=0

=== Summary ===
vector_search    insert           IVF256,Flat    wal=0 c=16     31163.8 ops/s p99=1.39ms
vector_search    search           IVF256,Flat    wal=0 c=1       1684.0 ops/s p99=0.87ms recall@10=0.4606
vector_search    search           IVF256,Flat    wal=0 c=2       2334.9 ops/s p99=1.16ms recall@10=0.4606
vector_search    search           IVF256,Flat    wal=0 c=4       4412.0 ops/s p99=1.20ms recall@10=0.4606
vector_search    search           IVF256,Flat    wal=0 c=8       5811.0 ops/s p99=1.45ms recall@10=0.4606
vector_search    search           IVF256,Flat    wal=0 c=16      5583.5 ops/s p99=2.52ms recall@10=0.4606
vector_search    insert           IVF256,Flat    wal=1 c=16       607.3 ops/s p99=35.78ms
vector_search    search           IVF256,Flat    wal=1 c=1       1712.5 ops/s p99=0.86ms recall@10=0.4620
vector_search    search           IVF256,Flat    wal=1 c=2       2348.2 ops/s p99=1.13ms recall@10=0.4620
vector_search    search           IVF256,Flat    wal=1 c=4       4646.9 ops/s p99=1.18ms recall@10=0.4620
vector_search    search           IVF256,Flat    wal=1 c=8       6088.3 ops/s p99=1.44ms recall@10=0.4620
vector_search    search           IVF256,Flat    wal=1 c=16      4029.2 ops/s p99=2.70ms recall@10=0.4620

Wrote results/vector_IVF256-Flat_500000_10000.csv and results/vector_IVF256-Flat_500000_10000.json

# finished: 2026-08-11 15:34:06 UTC (elapsed 1033s, exit code 0)
