$ /home/<user>/shibudb-server-benchmarking/.venv/bin/python /home/<user>/shibudb-server-benchmarking/benchmark.py --suites vector --concurrency 1 2 4 8 16 --host localhost --port 4444 --user admin --password <redacted> --drop-existing --cleanup --out results/vector_HNSW8_500000_10000.csv --both-wal --num-base 500000 --num-queries 10000 --k 10 --ingest-concurrency 16 --post-ingest-wait 60 --index-types HNSW8
# started: 2026-08-11 13:28:06 UTC

{
  "timestamp": "2026-08-11T13:28:06.189101+00:00",
  "git_commit": "22b30f0351acb1f56cdbe77742f47c0e93a54067",
  "shibudb_client_version": "unknown",
  "python_version": "3.13.5",
  "dataset": "SIFT1M",
  "client": {
    "host": "test2",
    "platform": "Linux-6.12.100+deb13-cloud-amd64-x86_64-with-glibc2.41",
    "processor": "AMD EPYC 7B12",
    "cpu_count": 16,
    "ram_gb": 23.5
  },
  "server": {
    "host": "localhost",
    "port": 4444,
    "version": "unknown",
    "commit": "unknown",
    "hostname": "test2",
    "platform": "Linux-6.12.100+deb13-cloud-amd64-x86_64-with-glibc2.41",
    "processor": "AMD EPYC 7B12",
    "cpu_count": 16,
    "ram_gb": 23.5,
    "disk": "10 GB total (/)",
    "notes": "auto-detected (server co-located with benchmark client)"
  },
  "data_scale": {
    "dataset": "SIFT1M",
    "suites": [
      "vector_search"
    ],
    "num_base": 500000,
    "num_queries": 10000,
    "dimension": 128,
    "k": 10,
    "metric": "L2",
    "full_sift_base": false,
    "vector_base_bytes": 256000000,
    "vector_query_bytes": 5120000,
    "kv_keys": 100000,
    "kv_value_size_bytes": 100,
    "kv_total_bytes_approx": 10800000
  },
  "client_host": "test2",
  "server_host": "localhost",
  "server_port": 4444,
  "platform": "Linux-6.12.100+deb13-cloud-amd64-x86_64-with-glibc2.41",
  "processor": "AMD EPYC 7B12",
  "cpu_count": 16,
  "args": {
    "host": "localhost",
    "port": 4444,
    "user": "admin",
    "timeout": 120,
    "server_version": "",
    "server_commit": "",
    "server_info_file": "",
    "suites": [
      "vector"
    ],
    "data_dir": "/home/<user>/.shibudb-benchmarks/data",
    "num_base": 500000,
    "num_queries": 10000,
    "k": 10,
    "dimension": 128,
    "index_types": [
      "HNSW8"
    ],
    "metric": "L2",
    "both_wal": true,
    "enable_wal": false,
    "kv_keys": 100000,
    "kv_value_size": 100,
    "concurrency": [
      1,
      2,
      4,
      8,
      16
    ],
    "ingest_concurrency": 16,
    "client_parallelism": "process",
    "settle_timeout": 600,
    "post_ingest_wait": 60,
    "drop_existing": true,
    "cleanup": true,
    "space_prefix": "bench",
    "out": "results/vector_HNSW8_500000_10000.csv"
  }
}
Loaded SIFT1M: base=(1000000, 128) query=(10000, 128) groundtruth=(10000, 100)
[gt] computing exact ground-truth (num_base=500000, metric=L2)...
[gt] done in 32.2s

=== VECTOR index=HNSW8 wal=False ===
[ingest] 24391 vec/s (20.5s, 0 failed)
[settle] waiting 60s for training/flushing to settle...
[query] c=1    QPS=  1865.8 recall@10=0.6630 p99=0.83ms failed=0
[query] c=2    QPS=  2699.9 recall@10=0.6630 p99=1.01ms failed=0
[query] c=4    QPS=  5037.6 recall@10=0.6630 p99=1.10ms failed=0
[query] c=8    QPS=  6615.0 recall@10=0.6630 p99=1.32ms failed=0
[query] c=16   QPS=  6217.4 recall@10=0.6630 p99=2.44ms failed=0

=== VECTOR index=HNSW8 wal=True ===
[ingest] 557 vec/s (897.3s, 0 failed)
[settle] waiting 60s for training/flushing to settle...
[query] c=1    QPS=  1841.4 recall@10=0.6804 p99=0.83ms failed=0
[query] c=2    QPS=  2619.9 recall@10=0.6804 p99=1.05ms failed=0
[query] c=4    QPS=  5015.0 recall@10=0.6804 p99=1.11ms failed=0
[query] c=8    QPS=  6651.9 recall@10=0.6804 p99=1.34ms failed=0
[query] c=16   QPS=  4372.9 recall@10=0.6804 p99=2.51ms failed=0

=== Summary ===
vector_search    insert           HNSW8          wal=0 c=16     24391.3 ops/s p99=4.60ms
vector_search    search           HNSW8          wal=0 c=1       1865.8 ops/s p99=0.83ms recall@10=0.6630
vector_search    search           HNSW8          wal=0 c=2       2699.9 ops/s p99=1.01ms recall@10=0.6630
vector_search    search           HNSW8          wal=0 c=4       5037.6 ops/s p99=1.10ms recall@10=0.6630
vector_search    search           HNSW8          wal=0 c=8       6615.0 ops/s p99=1.32ms recall@10=0.6630
vector_search    search           HNSW8          wal=0 c=16      6217.4 ops/s p99=2.44ms recall@10=0.6630
vector_search    insert           HNSW8          wal=1 c=16       557.2 ops/s p99=37.23ms
vector_search    search           HNSW8          wal=1 c=1       1841.4 ops/s p99=0.83ms recall@10=0.6804
vector_search    search           HNSW8          wal=1 c=2       2619.9 ops/s p99=1.05ms recall@10=0.6804
vector_search    search           HNSW8          wal=1 c=4       5015.0 ops/s p99=1.11ms recall@10=0.6804
vector_search    search           HNSW8          wal=1 c=8       6651.9 ops/s p99=1.34ms recall@10=0.6804
vector_search    search           HNSW8          wal=1 c=16      4372.9 ops/s p99=2.51ms recall@10=0.6804

Wrote results/vector_HNSW8_500000_10000.csv and results/vector_HNSW8_500000_10000.json

# finished: 2026-08-11 13:46:33 UTC (elapsed 1108s, exit code 0)
