$ /home/<user>/shibudb-server-benchmarking/.venv/bin/python /home/<user>/shibudb-server-benchmarking/benchmark.py --suites vector --concurrency 1 2 4 8 16 --host localhost --port 4444 --user admin --password <redacted> --drop-existing --cleanup --out results/vector_HNSW8_50000_10000.csv --both-wal --num-base 50000 --num-queries 10000 --k 10 --ingest-concurrency 16 --post-ingest-wait 60 --index-types HNSW8
# started: 2026-08-11 10:10:56 UTC

{
  "timestamp": "2026-08-11T10:10:56.746822+00:00",
  "git_commit": "22b30f0351acb1f56cdbe77742f47c0e93a54067",
  "shibudb_client_version": "unknown",
  "python_version": "3.13.5",
  "dataset": "SIFT1M",
  "client": {
    "host": "test2",
    "platform": "Linux-6.12.100+deb13-cloud-amd64-x86_64-with-glibc2.41",
    "processor": "AMD EPYC 7B12",
    "cpu_count": 16,
    "ram_gb": 23.5
  },
  "server": {
    "host": "localhost",
    "port": 4444,
    "version": "unknown",
    "commit": "unknown",
    "hostname": "test2",
    "platform": "Linux-6.12.100+deb13-cloud-amd64-x86_64-with-glibc2.41",
    "processor": "AMD EPYC 7B12",
    "cpu_count": 16,
    "ram_gb": 23.5,
    "disk": "10 GB total (/)",
    "notes": "auto-detected (server co-located with benchmark client)"
  },
  "data_scale": {
    "dataset": "SIFT1M",
    "suites": [
      "vector_search"
    ],
    "num_base": 50000,
    "num_queries": 10000,
    "dimension": 128,
    "k": 10,
    "metric": "L2",
    "full_sift_base": false,
    "vector_base_bytes": 25600000,
    "vector_query_bytes": 5120000,
    "kv_keys": 100000,
    "kv_value_size_bytes": 100,
    "kv_total_bytes_approx": 10800000
  },
  "client_host": "test2",
  "server_host": "localhost",
  "server_port": 4444,
  "platform": "Linux-6.12.100+deb13-cloud-amd64-x86_64-with-glibc2.41",
  "processor": "AMD EPYC 7B12",
  "cpu_count": 16,
  "args": {
    "host": "localhost",
    "port": 4444,
    "user": "admin",
    "timeout": 120,
    "server_version": "",
    "server_commit": "",
    "server_info_file": "",
    "suites": [
      "vector"
    ],
    "data_dir": "/home/<user>/.shibudb-benchmarks/data",
    "num_base": 50000,
    "num_queries": 10000,
    "k": 10,
    "dimension": 128,
    "index_types": [
      "HNSW8"
    ],
    "metric": "L2",
    "both_wal": true,
    "enable_wal": false,
    "kv_keys": 100000,
    "kv_value_size": 100,
    "concurrency": [
      1,
      2,
      4,
      8,
      16
    ],
    "ingest_concurrency": 16,
    "client_parallelism": "process",
    "settle_timeout": 600,
    "post_ingest_wait": 60,
    "drop_existing": true,
    "cleanup": true,
    "space_prefix": "bench",
    "out": "results/vector_HNSW8_50000_10000.csv"
  }
}
Loaded SIFT1M: base=(1000000, 128) query=(10000, 128) groundtruth=(10000, 100)
[gt] computing exact ground-truth (num_base=50000, metric=L2)...
[gt] done in 2.6s

=== VECTOR index=HNSW8 wal=False ===
[ingest] 20666 vec/s (2.4s, 0 failed)
[settle] waiting 60s for training/flushing to settle...
[query] c=1    QPS=  2084.7 recall@10=0.7517 p99=0.79ms failed=0
[query] c=2    QPS=  3026.4 recall@10=0.7517 p99=1.10ms failed=0
[query] c=4    QPS=  5816.1 recall@10=0.7517 p99=1.24ms failed=0
[query] c=8    QPS=  7950.4 recall@10=0.7517 p99=1.72ms failed=0
[query] c=16   QPS=  8292.7 recall@10=0.7517 p99=4.22ms failed=0

=== VECTOR index=HNSW8 wal=True ===
[ingest] 603 vec/s (82.9s, 0 failed)
[settle] waiting 60s for training/flushing to settle...
[query] c=1    QPS=  2004.4 recall@10=0.8059 p99=0.85ms failed=0
[query] c=2    QPS=  2962.0 recall@10=0.8059 p99=1.16ms failed=0
[query] c=4    QPS=  5755.7 recall@10=0.8059 p99=1.25ms failed=0
[query] c=8    QPS=  7697.4 recall@10=0.8059 p99=1.78ms failed=0
[query] c=16   QPS=  8220.2 recall@10=0.8059 p99=4.11ms failed=0

=== Summary ===
vector_search    insert           HNSW8          wal=0 c=16     20666.0 ops/s p99=3.49ms
vector_search    search           HNSW8          wal=0 c=1       2084.7 ops/s p99=0.79ms recall@10=0.7517
vector_search    search           HNSW8          wal=0 c=2       3026.4 ops/s p99=1.10ms recall@10=0.7517
vector_search    search           HNSW8          wal=0 c=4       5816.1 ops/s p99=1.24ms recall@10=0.7517
vector_search    search           HNSW8          wal=0 c=8       7950.4 ops/s p99=1.72ms recall@10=0.7517
vector_search    search           HNSW8          wal=0 c=16      8292.7 ops/s p99=4.22ms recall@10=0.7517
vector_search    insert           HNSW8          wal=1 c=16       603.3 ops/s p99=32.46ms
vector_search    search           HNSW8          wal=1 c=1       2004.4 ops/s p99=0.85ms recall@10=0.8059
vector_search    search           HNSW8          wal=1 c=2       2962.0 ops/s p99=1.16ms recall@10=0.8059
vector_search    search           HNSW8          wal=1 c=4       5755.7 ops/s p99=1.25ms recall@10=0.8059
vector_search    search           HNSW8          wal=1 c=8       7697.4 ops/s p99=1.78ms recall@10=0.8059
vector_search    search           HNSW8          wal=1 c=16      8220.2 ops/s p99=4.11ms recall@10=0.8059

Wrote results/vector_HNSW8_50000_10000.csv and results/vector_HNSW8_50000_10000.json

# finished: 2026-08-11 10:14:51 UTC (elapsed 235s, exit code 0)
