$ /home/<user>/shibudb-server-benchmarking/.venv/bin/python /home/<user>/shibudb-server-benchmarking/benchmark.py --suites vector --concurrency 1 2 4 8 16 --host localhost --port 4444 --user admin --password <redacted> --drop-existing --cleanup --out results/vector_HNSW64_50000_10000.csv --both-wal --num-base 50000 --num-queries 10000 --k 10 --ingest-concurrency 16 --post-ingest-wait 60 --index-types HNSW64
# started: 2026-08-11 10:22:49 UTC

{
  "timestamp": "2026-08-11T10:22:49.593809+00:00",
  "git_commit": "22b30f0351acb1f56cdbe77742f47c0e93a54067",
  "shibudb_client_version": "unknown",
  "python_version": "3.13.5",
  "dataset": "SIFT1M",
  "client": {
    "host": "test2",
    "platform": "Linux-6.12.100+deb13-cloud-amd64-x86_64-with-glibc2.41",
    "processor": "AMD EPYC 7B12",
    "cpu_count": 16,
    "ram_gb": 23.5
  },
  "server": {
    "host": "localhost",
    "port": 4444,
    "version": "unknown",
    "commit": "unknown",
    "hostname": "test2",
    "platform": "Linux-6.12.100+deb13-cloud-amd64-x86_64-with-glibc2.41",
    "processor": "AMD EPYC 7B12",
    "cpu_count": 16,
    "ram_gb": 23.5,
    "disk": "10 GB total (/)",
    "notes": "auto-detected (server co-located with benchmark client)"
  },
  "data_scale": {
    "dataset": "SIFT1M",
    "suites": [
      "vector_search"
    ],
    "num_base": 50000,
    "num_queries": 10000,
    "dimension": 128,
    "k": 10,
    "metric": "L2",
    "full_sift_base": false,
    "vector_base_bytes": 25600000,
    "vector_query_bytes": 5120000,
    "kv_keys": 100000,
    "kv_value_size_bytes": 100,
    "kv_total_bytes_approx": 10800000
  },
  "client_host": "test2",
  "server_host": "localhost",
  "server_port": 4444,
  "platform": "Linux-6.12.100+deb13-cloud-amd64-x86_64-with-glibc2.41",
  "processor": "AMD EPYC 7B12",
  "cpu_count": 16,
  "args": {
    "host": "localhost",
    "port": 4444,
    "user": "admin",
    "timeout": 120,
    "server_version": "",
    "server_commit": "",
    "server_info_file": "",
    "suites": [
      "vector"
    ],
    "data_dir": "/home/<user>/.shibudb-benchmarks/data",
    "num_base": 50000,
    "num_queries": 10000,
    "k": 10,
    "dimension": 128,
    "index_types": [
      "HNSW64"
    ],
    "metric": "L2",
    "both_wal": true,
    "enable_wal": false,
    "kv_keys": 100000,
    "kv_value_size": 100,
    "concurrency": [
      1,
      2,
      4,
      8,
      16
    ],
    "ingest_concurrency": 16,
    "client_parallelism": "process",
    "settle_timeout": 600,
    "post_ingest_wait": 60,
    "drop_existing": true,
    "cleanup": true,
    "space_prefix": "bench",
    "out": "results/vector_HNSW64_50000_10000.csv"
  }
}
Loaded SIFT1M: base=(1000000, 128) query=(10000, 128) groundtruth=(10000, 100)
[gt] computing exact ground-truth (num_base=50000, metric=L2)...
[gt] done in 2.6s

=== VECTOR index=HNSW64 wal=False ===
[ingest] 19064 vec/s (2.6s, 0 failed)
[settle] waiting 60s for training/flushing to settle...
[query] c=1    QPS=  1616.8 recall@10=0.9662 p99=1.02ms failed=0
[query] c=2    QPS=  2276.8 recall@10=0.9662 p99=1.39ms failed=0
[query] c=4    QPS=  4500.4 recall@10=0.9662 p99=1.51ms failed=0
[query] c=8    QPS=  6505.2 recall@10=0.9662 p99=2.00ms failed=0
[query] c=16   QPS=  6941.6 recall@10=0.9662 p99=4.91ms failed=0

=== VECTOR index=HNSW64 wal=True ===
[ingest] 519 vec/s (96.3s, 0 failed)
[settle] waiting 60s for training/flushing to settle...
[query] c=1    QPS=  1561.6 recall@10=0.9661 p99=1.04ms failed=0
[query] c=2    QPS=  2405.9 recall@10=0.9661 p99=1.30ms failed=0
[query] c=4    QPS=  4850.4 recall@10=0.9661 p99=1.43ms failed=0
[query] c=8    QPS=  7016.6 recall@10=0.9661 p99=1.90ms failed=0
[query] c=16   QPS=  7567.3 recall@10=0.9661 p99=4.42ms failed=0

=== Summary ===
vector_search    insert           HNSW64         wal=0 c=16     19063.6 ops/s p99=5.59ms
vector_search    search           HNSW64         wal=0 c=1       1616.8 ops/s p99=1.02ms recall@10=0.9662
vector_search    search           HNSW64         wal=0 c=2       2276.8 ops/s p99=1.39ms recall@10=0.9662
vector_search    search           HNSW64         wal=0 c=4       4500.4 ops/s p99=1.51ms recall@10=0.9662
vector_search    search           HNSW64         wal=0 c=8       6505.2 ops/s p99=2.00ms recall@10=0.9662
vector_search    search           HNSW64         wal=0 c=16      6941.6 ops/s p99=4.91ms recall@10=0.9662
vector_search    insert           HNSW64         wal=1 c=16       519.4 ops/s p99=42.47ms
vector_search    search           HNSW64         wal=1 c=1       1561.6 ops/s p99=1.04ms recall@10=0.9661
vector_search    search           HNSW64         wal=1 c=2       2405.9 ops/s p99=1.30ms recall@10=0.9661
vector_search    search           HNSW64         wal=1 c=4       4850.4 ops/s p99=1.43ms recall@10=0.9661
vector_search    search           HNSW64         wal=1 c=8       7016.6 ops/s p99=1.90ms recall@10=0.9661
vector_search    search           HNSW64         wal=1 c=16      7567.3 ops/s p99=4.42ms recall@10=0.9661

Wrote results/vector_HNSW64_50000_10000.csv and results/vector_HNSW64_50000_10000.json

# finished: 2026-08-11 10:27:04 UTC (elapsed 255s, exit code 0)
