$ /home/<user>/shibudb-server-benchmarking/.venv/bin/python /home/<user>/shibudb-server-benchmarking/benchmark.py --suites vector --concurrency 1 2 4 8 16 --host localhost --port 4444 --user admin --password <redacted> --drop-existing --cleanup --out results/vector_IVF128-Flat_500000_10000.csv --both-wal --num-base 500000 --num-queries 10000 --k 10 --ingest-concurrency 16 --post-ingest-wait 60 --index-types IVF128,Flat
# started: 2026-08-11 15:00:22 UTC

{
  "timestamp": "2026-08-11T15:00:22.574327+00:00",
  "git_commit": "22b30f0351acb1f56cdbe77742f47c0e93a54067",
  "shibudb_client_version": "unknown",
  "python_version": "3.13.5",
  "dataset": "SIFT1M",
  "client": {
    "host": "test2",
    "platform": "Linux-6.12.100+deb13-cloud-amd64-x86_64-with-glibc2.41",
    "processor": "AMD EPYC 7B12",
    "cpu_count": 16,
    "ram_gb": 23.5
  },
  "server": {
    "host": "localhost",
    "port": 4444,
    "version": "unknown",
    "commit": "unknown",
    "hostname": "test2",
    "platform": "Linux-6.12.100+deb13-cloud-amd64-x86_64-with-glibc2.41",
    "processor": "AMD EPYC 7B12",
    "cpu_count": 16,
    "ram_gb": 23.5,
    "disk": "10 GB total (/)",
    "notes": "auto-detected (server co-located with benchmark client)"
  },
  "data_scale": {
    "dataset": "SIFT1M",
    "suites": [
      "vector_search"
    ],
    "num_base": 500000,
    "num_queries": 10000,
    "dimension": 128,
    "k": 10,
    "metric": "L2",
    "full_sift_base": false,
    "vector_base_bytes": 256000000,
    "vector_query_bytes": 5120000,
    "kv_keys": 100000,
    "kv_value_size_bytes": 100,
    "kv_total_bytes_approx": 10800000
  },
  "client_host": "test2",
  "server_host": "localhost",
  "server_port": 4444,
  "platform": "Linux-6.12.100+deb13-cloud-amd64-x86_64-with-glibc2.41",
  "processor": "AMD EPYC 7B12",
  "cpu_count": 16,
  "args": {
    "host": "localhost",
    "port": 4444,
    "user": "admin",
    "timeout": 120,
    "server_version": "",
    "server_commit": "",
    "server_info_file": "",
    "suites": [
      "vector"
    ],
    "data_dir": "/home/<user>/.shibudb-benchmarks/data",
    "num_base": 500000,
    "num_queries": 10000,
    "k": 10,
    "dimension": 128,
    "index_types": [
      "IVF128,Flat"
    ],
    "metric": "L2",
    "both_wal": true,
    "enable_wal": false,
    "kv_keys": 100000,
    "kv_value_size": 100,
    "concurrency": [
      1,
      2,
      4,
      8,
      16
    ],
    "ingest_concurrency": 16,
    "client_parallelism": "process",
    "settle_timeout": 600,
    "post_ingest_wait": 60,
    "drop_existing": true,
    "cleanup": true,
    "space_prefix": "bench",
    "out": "results/vector_IVF128-Flat_500000_10000.csv"
  }
}
Loaded SIFT1M: base=(1000000, 128) query=(10000, 128) groundtruth=(10000, 100)
[gt] computing exact ground-truth (num_base=500000, metric=L2)...
[gt] done in 32.5s

=== VECTOR index=IVF128,Flat wal=False ===
[ingest] 30950 vec/s (16.2s, 0 failed)
[settle] waiting 60s for training/flushing to settle...
[query] c=1    QPS=  1486.5 recall@10=0.5325 p99=0.99ms failed=0
[query] c=2    QPS=  2037.9 recall@10=0.5325 p99=1.32ms failed=0
[query] c=4    QPS=  4193.4 recall@10=0.5325 p99=1.34ms failed=0
[query] c=8    QPS=  5680.7 recall@10=0.5325 p99=1.62ms failed=0
[query] c=16   QPS=  5449.5 recall@10=0.5325 p99=2.78ms failed=0

=== VECTOR index=IVF128,Flat wal=True ===
[ingest] 643 vec/s (777.5s, 0 failed)
[settle] waiting 60s for training/flushing to settle...
[query] c=1    QPS=  1487.0 recall@10=0.5279 p99=0.97ms failed=0
[query] c=2    QPS=  2045.4 recall@10=0.5279 p99=1.31ms failed=0
[query] c=4    QPS=  4186.6 recall@10=0.5279 p99=1.37ms failed=0
[query] c=8    QPS=  5653.5 recall@10=0.5279 p99=1.60ms failed=0
[query] c=16   QPS=  3953.4 recall@10=0.5279 p99=2.75ms failed=0

=== Summary ===
vector_search    insert           IVF128,Flat    wal=0 c=16     30950.3 ops/s p99=1.43ms
vector_search    search           IVF128,Flat    wal=0 c=1       1486.5 ops/s p99=0.99ms recall@10=0.5325
vector_search    search           IVF128,Flat    wal=0 c=2       2037.9 ops/s p99=1.32ms recall@10=0.5325
vector_search    search           IVF128,Flat    wal=0 c=4       4193.4 ops/s p99=1.34ms recall@10=0.5325
vector_search    search           IVF128,Flat    wal=0 c=8       5680.7 ops/s p99=1.62ms recall@10=0.5325
vector_search    search           IVF128,Flat    wal=0 c=16      5449.5 ops/s p99=2.78ms recall@10=0.5325
vector_search    insert           IVF128,Flat    wal=1 c=16       643.1 ops/s p99=30.13ms
vector_search    search           IVF128,Flat    wal=1 c=1       1487.0 ops/s p99=0.97ms recall@10=0.5279
vector_search    search           IVF128,Flat    wal=1 c=2       2045.4 ops/s p99=1.31ms recall@10=0.5279
vector_search    search           IVF128,Flat    wal=1 c=4       4186.6 ops/s p99=1.37ms recall@10=0.5279
vector_search    search           IVF128,Flat    wal=1 c=8       5653.5 ops/s p99=1.60ms recall@10=0.5279
vector_search    search           IVF128,Flat    wal=1 c=16      3953.4 ops/s p99=2.75ms recall@10=0.5279

Wrote results/vector_IVF128-Flat_500000_10000.csv and results/vector_IVF128-Flat_500000_10000.json

# finished: 2026-08-11 15:16:52 UTC (elapsed 990s, exit code 0)
