$ /home/<user>/shibudb-server-benchmarking/.venv/bin/python /home/<user>/shibudb-server-benchmarking/benchmark.py --suites vector --concurrency 1 2 4 8 16 --host localhost --port 4444 --user admin --password <redacted> --drop-existing --cleanup --out results/vector_PQ8_500000_10000.csv --both-wal --num-base 500000 --num-queries 10000 --k 10 --ingest-concurrency 16 --post-ingest-wait 60 --index-types PQ8
# started: 2026-08-11 16:07:54 UTC

{
  "timestamp": "2026-08-11T16:07:54.427719+00:00",
  "git_commit": "22b30f0351acb1f56cdbe77742f47c0e93a54067",
  "shibudb_client_version": "unknown",
  "python_version": "3.13.5",
  "dataset": "SIFT1M",
  "client": {
    "host": "test2",
    "platform": "Linux-6.12.100+deb13-cloud-amd64-x86_64-with-glibc2.41",
    "processor": "AMD EPYC 7B12",
    "cpu_count": 16,
    "ram_gb": 23.5
  },
  "server": {
    "host": "localhost",
    "port": 4444,
    "version": "unknown",
    "commit": "unknown",
    "hostname": "test2",
    "platform": "Linux-6.12.100+deb13-cloud-amd64-x86_64-with-glibc2.41",
    "processor": "AMD EPYC 7B12",
    "cpu_count": 16,
    "ram_gb": 23.5,
    "disk": "10 GB total (/)",
    "notes": "auto-detected (server co-located with benchmark client)"
  },
  "data_scale": {
    "dataset": "SIFT1M",
    "suites": [
      "vector_search"
    ],
    "num_base": 500000,
    "num_queries": 10000,
    "dimension": 128,
    "k": 10,
    "metric": "L2",
    "full_sift_base": false,
    "vector_base_bytes": 256000000,
    "vector_query_bytes": 5120000,
    "kv_keys": 100000,
    "kv_value_size_bytes": 100,
    "kv_total_bytes_approx": 10800000
  },
  "client_host": "test2",
  "server_host": "localhost",
  "server_port": 4444,
  "platform": "Linux-6.12.100+deb13-cloud-amd64-x86_64-with-glibc2.41",
  "processor": "AMD EPYC 7B12",
  "cpu_count": 16,
  "args": {
    "host": "localhost",
    "port": 4444,
    "user": "admin",
    "timeout": 120,
    "server_version": "",
    "server_commit": "",
    "server_info_file": "",
    "suites": [
      "vector"
    ],
    "data_dir": "/home/<user>/.shibudb-benchmarks/data",
    "num_base": 500000,
    "num_queries": 10000,
    "k": 10,
    "dimension": 128,
    "index_types": [
      "PQ8"
    ],
    "metric": "L2",
    "both_wal": true,
    "enable_wal": false,
    "kv_keys": 100000,
    "kv_value_size": 100,
    "concurrency": [
      1,
      2,
      4,
      8,
      16
    ],
    "ingest_concurrency": 16,
    "client_parallelism": "process",
    "settle_timeout": 600,
    "post_ingest_wait": 60,
    "drop_existing": true,
    "cleanup": true,
    "space_prefix": "bench",
    "out": "results/vector_PQ8_500000_10000.csv"
  }
}
Loaded SIFT1M: base=(1000000, 128) query=(10000, 128) groundtruth=(10000, 100)
[gt] computing exact ground-truth (num_base=500000, metric=L2)...
[gt] done in 32.6s

=== VECTOR index=PQ8 wal=False ===
[ingest] 30454 vec/s (16.4s, 0 failed)
[settle] waiting 60s for training/flushing to settle...
[query] c=1    QPS=   234.5 recall@10=0.3284 p99=5.50ms failed=0
[query] c=2    QPS=   407.5 recall@10=0.3284 p99=8.71ms failed=0
[query] c=4    QPS=   603.0 recall@10=0.3283 p99=10.52ms failed=0
[query] c=8    QPS=   854.2 recall@10=0.3282 p99=15.13ms failed=0
[query] c=16   QPS=  1170.7 recall@10=0.3280 p99=24.64ms failed=0

=== VECTOR index=PQ8 wal=True ===
[ingest] 605 vec/s (826.1s, 0 failed)
[settle] waiting 60s for training/flushing to settle...
[query] c=1    QPS=   245.4 recall@10=0.3277 p99=5.25ms failed=0
[query] c=2    QPS=   424.0 recall@10=0.3277 p99=8.40ms failed=0
[query] c=4    QPS=   618.2 recall@10=0.3277 p99=10.33ms failed=0
[query] c=8    QPS=   874.1 recall@10=0.3276 p99=14.69ms failed=0
[query] c=16   QPS=  1098.1 recall@10=0.3271 p99=23.72ms failed=0

=== Summary ===
vector_search    insert           PQ8            wal=0 c=16     30453.7 ops/s p99=1.44ms
vector_search    search           PQ8            wal=0 c=1        234.5 ops/s p99=5.50ms recall@10=0.3284
vector_search    search           PQ8            wal=0 c=2        407.5 ops/s p99=8.71ms recall@10=0.3284
vector_search    search           PQ8            wal=0 c=4        603.0 ops/s p99=10.52ms recall@10=0.3283
vector_search    search           PQ8            wal=0 c=8        854.2 ops/s p99=15.13ms recall@10=0.3282
vector_search    search           PQ8            wal=0 c=16      1170.7 ops/s p99=24.64ms recall@10=0.3280
vector_search    insert           PQ8            wal=1 c=16       605.2 ops/s p99=38.25ms
vector_search    search           PQ8            wal=1 c=1        245.4 ops/s p99=5.25ms recall@10=0.3277
vector_search    search           PQ8            wal=1 c=2        424.0 ops/s p99=8.40ms recall@10=0.3277
vector_search    search           PQ8            wal=1 c=4        618.2 ops/s p99=10.33ms recall@10=0.3277
vector_search    search           PQ8            wal=1 c=8        874.1 ops/s p99=14.69ms recall@10=0.3276
vector_search    search           PQ8            wal=1 c=16      1098.1 ops/s p99=23.72ms recall@10=0.3271

Wrote results/vector_PQ8_500000_10000.csv and results/vector_PQ8_500000_10000.json

# finished: 2026-08-11 16:28:02 UTC (elapsed 1208s, exit code 0)
