$ /home/<user>/shibudb-server-benchmarking/.venv/bin/python /home/<user>/shibudb-server-benchmarking/benchmark.py --suites vector --concurrency 1 2 4 8 16 --host localhost --port 4444 --user admin --password <redacted> --drop-existing --cleanup --out results/vector_Flat_1000000_10000.csv --both-wal --num-base 1000000 --num-queries 10000 --k 10 --ingest-concurrency 16 --post-ingest-wait 60 --index-types Flat
# started: 2026-08-11 19:43:12 UTC

{
  "timestamp": "2026-08-11T19:43:13.087361+00:00",
  "git_commit": "22b30f0351acb1f56cdbe77742f47c0e93a54067",
  "shibudb_client_version": "unknown",
  "python_version": "3.13.5",
  "dataset": "SIFT1M",
  "client": {
    "host": "test2",
    "platform": "Linux-6.12.100+deb13-cloud-amd64-x86_64-with-glibc2.41",
    "processor": "AMD EPYC 7B12",
    "cpu_count": 16,
    "ram_gb": 23.5
  },
  "server": {
    "host": "localhost",
    "port": 4444,
    "version": "unknown",
    "commit": "unknown",
    "hostname": "test2",
    "platform": "Linux-6.12.100+deb13-cloud-amd64-x86_64-with-glibc2.41",
    "processor": "AMD EPYC 7B12",
    "cpu_count": 16,
    "ram_gb": 23.5,
    "disk": "10 GB total (/)",
    "notes": "auto-detected (server co-located with benchmark client)"
  },
  "data_scale": {
    "dataset": "SIFT1M",
    "suites": [
      "vector_search"
    ],
    "num_base": 1000000,
    "num_queries": 10000,
    "dimension": 128,
    "k": 10,
    "metric": "L2",
    "full_sift_base": true,
    "vector_base_bytes": 512000000,
    "vector_query_bytes": 5120000,
    "kv_keys": 100000,
    "kv_value_size_bytes": 100,
    "kv_total_bytes_approx": 10800000
  },
  "client_host": "test2",
  "server_host": "localhost",
  "server_port": 4444,
  "platform": "Linux-6.12.100+deb13-cloud-amd64-x86_64-with-glibc2.41",
  "processor": "AMD EPYC 7B12",
  "cpu_count": 16,
  "args": {
    "host": "localhost",
    "port": 4444,
    "user": "admin",
    "timeout": 120,
    "server_version": "",
    "server_commit": "",
    "server_info_file": "",
    "suites": [
      "vector"
    ],
    "data_dir": "/home/<user>/.shibudb-benchmarks/data",
    "num_base": 1000000,
    "num_queries": 10000,
    "k": 10,
    "dimension": 128,
    "index_types": [
      "Flat"
    ],
    "metric": "L2",
    "both_wal": true,
    "enable_wal": false,
    "kv_keys": 100000,
    "kv_value_size": 100,
    "concurrency": [
      1,
      2,
      4,
      8,
      16
    ],
    "ingest_concurrency": 16,
    "client_parallelism": "process",
    "settle_timeout": 600,
    "post_ingest_wait": 60,
    "drop_existing": true,
    "cleanup": true,
    "space_prefix": "bench",
    "out": "results/vector_Flat_1000000_10000.csv"
  }
}
Loaded SIFT1M: base=(1000000, 128) query=(10000, 128) groundtruth=(10000, 100)
[gt] using canonical SIFT ground-truth

=== VECTOR index=Flat wal=False ===
[ingest] 27054 vec/s (37.0s, 0 failed)
[settle] waiting 60s for training/flushing to settle...
[query] c=1    QPS=    26.4 recall@10=0.9994 p99=40.95ms failed=0
[query] c=2    QPS=    45.8 recall@10=0.9994 p99=67.18ms failed=0
[query] c=4    QPS=    89.3 recall@10=0.9994 p99=51.58ms failed=0
[query] c=8    QPS=   130.7 recall@10=0.9994 p99=79.52ms failed=0
[query] c=16   QPS=   153.4 recall@10=0.9994 p99=163.90ms failed=0

=== VECTOR index=Flat wal=True ===
[ingest] 597 vec/s (1675.7s, 0 failed)
[settle] waiting 60s for training/flushing to settle...
[query] c=1    QPS=    27.1 recall@10=0.9994 p99=39.97ms failed=0
[query] c=2    QPS=    49.3 recall@10=0.9994 p99=68.40ms failed=0
[query] c=4    QPS=    94.0 recall@10=0.9994 p99=49.17ms failed=0
[query] c=8    QPS=   135.5 recall@10=0.9994 p99=78.47ms failed=0
[query] c=16   QPS=   164.9 recall@10=0.9994 p99=156.09ms failed=0

=== Summary ===
vector_search    insert           Flat           wal=0 c=16     27053.7 ops/s p99=1.42ms
vector_search    search           Flat           wal=0 c=1         26.4 ops/s p99=40.95ms recall@10=0.9994
vector_search    search           Flat           wal=0 c=2         45.8 ops/s p99=67.18ms recall@10=0.9994
vector_search    search           Flat           wal=0 c=4         89.3 ops/s p99=51.58ms recall@10=0.9994
vector_search    search           Flat           wal=0 c=8        130.7 ops/s p99=79.52ms recall@10=0.9994
vector_search    search           Flat           wal=0 c=16       153.4 ops/s p99=163.90ms recall@10=0.9994
vector_search    insert           Flat           wal=1 c=16       596.8 ops/s p99=33.78ms
vector_search    search           Flat           wal=1 c=1         27.1 ops/s p99=39.97ms recall@10=0.9994
vector_search    search           Flat           wal=1 c=2         49.3 ops/s p99=68.40ms recall@10=0.9994
vector_search    search           Flat           wal=1 c=4         94.0 ops/s p99=49.17ms recall@10=0.9994
vector_search    search           Flat           wal=1 c=8        135.5 ops/s p99=78.47ms recall@10=0.9994
vector_search    search           Flat           wal=1 c=16       164.9 ops/s p99=156.09ms recall@10=0.9994

Wrote results/vector_Flat_1000000_10000.csv and results/vector_Flat_1000000_10000.json

# finished: 2026-08-11 20:42:00 UTC (elapsed 3527s, exit code 0)
