$ /home/<user>/shibudb-server-benchmarking/.venv/bin/python /home/<user>/shibudb-server-benchmarking/benchmark.py --suites vector --concurrency 1 2 4 8 16 --host localhost --port 4444 --user admin --password <redacted> --drop-existing --cleanup --out results/vector_HNSW8_100000_10000.csv --both-wal --num-base 100000 --num-queries 10000 --k 10 --ingest-concurrency 16 --post-ingest-wait 60 --index-types HNSW8
# started: 2026-08-11 11:21:29 UTC

{
  "timestamp": "2026-08-11T11:21:30.058125+00:00",
  "git_commit": "22b30f0351acb1f56cdbe77742f47c0e93a54067",
  "shibudb_client_version": "unknown",
  "python_version": "3.13.5",
  "dataset": "SIFT1M",
  "client": {
    "host": "test2",
    "platform": "Linux-6.12.100+deb13-cloud-amd64-x86_64-with-glibc2.41",
    "processor": "AMD EPYC 7B12",
    "cpu_count": 16,
    "ram_gb": 23.5
  },
  "server": {
    "host": "localhost",
    "port": 4444,
    "version": "unknown",
    "commit": "unknown",
    "hostname": "test2",
    "platform": "Linux-6.12.100+deb13-cloud-amd64-x86_64-with-glibc2.41",
    "processor": "AMD EPYC 7B12",
    "cpu_count": 16,
    "ram_gb": 23.5,
    "disk": "10 GB total (/)",
    "notes": "auto-detected (server co-located with benchmark client)"
  },
  "data_scale": {
    "dataset": "SIFT1M",
    "suites": [
      "vector_search"
    ],
    "num_base": 100000,
    "num_queries": 10000,
    "dimension": 128,
    "k": 10,
    "metric": "L2",
    "full_sift_base": false,
    "vector_base_bytes": 51200000,
    "vector_query_bytes": 5120000,
    "kv_keys": 100000,
    "kv_value_size_bytes": 100,
    "kv_total_bytes_approx": 10800000
  },
  "client_host": "test2",
  "server_host": "localhost",
  "server_port": 4444,
  "platform": "Linux-6.12.100+deb13-cloud-amd64-x86_64-with-glibc2.41",
  "processor": "AMD EPYC 7B12",
  "cpu_count": 16,
  "args": {
    "host": "localhost",
    "port": 4444,
    "user": "admin",
    "timeout": 120,
    "server_version": "",
    "server_commit": "",
    "server_info_file": "",
    "suites": [
      "vector"
    ],
    "data_dir": "/home/<user>/.shibudb-benchmarks/data",
    "num_base": 100000,
    "num_queries": 10000,
    "k": 10,
    "dimension": 128,
    "index_types": [
      "HNSW8"
    ],
    "metric": "L2",
    "both_wal": true,
    "enable_wal": false,
    "kv_keys": 100000,
    "kv_value_size": 100,
    "concurrency": [
      1,
      2,
      4,
      8,
      16
    ],
    "ingest_concurrency": 16,
    "client_parallelism": "process",
    "settle_timeout": 600,
    "post_ingest_wait": 60,
    "drop_existing": true,
    "cleanup": true,
    "space_prefix": "bench",
    "out": "results/vector_HNSW8_100000_10000.csv"
  }
}
Loaded SIFT1M: base=(1000000, 128) query=(10000, 128) groundtruth=(10000, 100)
[gt] computing exact ground-truth (num_base=100000, metric=L2)...
[gt] done in 6.9s

=== VECTOR index=HNSW8 wal=False ===
[ingest] 21356 vec/s (4.7s, 0 failed)
[settle] waiting 60s for training/flushing to settle...
[query] c=1    QPS=  2034.5 recall@10=0.7573 p99=0.80ms failed=0
[query] c=2    QPS=  3003.1 recall@10=0.7573 p99=1.00ms failed=0
[query] c=4    QPS=  5801.1 recall@10=0.7573 p99=1.16ms failed=0
[query] c=8    QPS=  8059.3 recall@10=0.7573 p99=1.57ms failed=0
[query] c=16   QPS=  8717.7 recall@10=0.7573 p99=3.88ms failed=0

=== VECTOR index=HNSW8 wal=True ===
[ingest] 607 vec/s (164.8s, 0 failed)
[settle] waiting 60s for training/flushing to settle...
[query] c=1    QPS=  2023.0 recall@10=0.7641 p99=0.79ms failed=0
[query] c=2    QPS=  2992.7 recall@10=0.7641 p99=1.01ms failed=0
[query] c=4    QPS=  5766.3 recall@10=0.7641 p99=1.19ms failed=0
[query] c=8    QPS=  8219.3 recall@10=0.7641 p99=1.59ms failed=0
[query] c=16   QPS=  8676.8 recall@10=0.7641 p99=3.62ms failed=0

=== Summary ===
vector_search    insert           HNSW8          wal=0 c=16     21356.1 ops/s p99=4.08ms
vector_search    search           HNSW8          wal=0 c=1       2034.5 ops/s p99=0.80ms recall@10=0.7573
vector_search    search           HNSW8          wal=0 c=2       3003.1 ops/s p99=1.00ms recall@10=0.7573
vector_search    search           HNSW8          wal=0 c=4       5801.1 ops/s p99=1.16ms recall@10=0.7573
vector_search    search           HNSW8          wal=0 c=8       8059.3 ops/s p99=1.57ms recall@10=0.7573
vector_search    search           HNSW8          wal=0 c=16      8717.7 ops/s p99=3.88ms recall@10=0.7573
vector_search    insert           HNSW8          wal=1 c=16       606.7 ops/s p99=32.61ms
vector_search    search           HNSW8          wal=1 c=1       2023.0 ops/s p99=0.79ms recall@10=0.7641
vector_search    search           HNSW8          wal=1 c=2       2992.7 ops/s p99=1.01ms recall@10=0.7641
vector_search    search           HNSW8          wal=1 c=4       5766.3 ops/s p99=1.19ms recall@10=0.7641
vector_search    search           HNSW8          wal=1 c=8       8219.3 ops/s p99=1.59ms recall@10=0.7641
vector_search    search           HNSW8          wal=1 c=16      8676.8 ops/s p99=3.62ms recall@10=0.7641

Wrote results/vector_HNSW8_100000_10000.csv and results/vector_HNSW8_100000_10000.json

# finished: 2026-08-11 11:26:53 UTC (elapsed 324s, exit code 0)
