$ /home/<user>/shibudb-server-benchmarking/.venv/bin/python /home/<user>/shibudb-server-benchmarking/benchmark.py --suites vector --concurrency 1 2 4 8 16 --host localhost --port 4444 --user admin --password <redacted> --drop-existing --cleanup --out results/vector_HNSW32_50000_10000.csv --both-wal --num-base 50000 --num-queries 10000 --k 10 --ingest-concurrency 16 --post-ingest-wait 60 --index-types HNSW32
# started: 2026-08-11 10:18:49 UTC

{
  "timestamp": "2026-08-11T10:18:49.271445+00:00",
  "git_commit": "22b30f0351acb1f56cdbe77742f47c0e93a54067",
  "shibudb_client_version": "unknown",
  "python_version": "3.13.5",
  "dataset": "SIFT1M",
  "client": {
    "host": "test2",
    "platform": "Linux-6.12.100+deb13-cloud-amd64-x86_64-with-glibc2.41",
    "processor": "AMD EPYC 7B12",
    "cpu_count": 16,
    "ram_gb": 23.5
  },
  "server": {
    "host": "localhost",
    "port": 4444,
    "version": "unknown",
    "commit": "unknown",
    "hostname": "test2",
    "platform": "Linux-6.12.100+deb13-cloud-amd64-x86_64-with-glibc2.41",
    "processor": "AMD EPYC 7B12",
    "cpu_count": 16,
    "ram_gb": 23.5,
    "disk": "10 GB total (/)",
    "notes": "auto-detected (server co-located with benchmark client)"
  },
  "data_scale": {
    "dataset": "SIFT1M",
    "suites": [
      "vector_search"
    ],
    "num_base": 50000,
    "num_queries": 10000,
    "dimension": 128,
    "k": 10,
    "metric": "L2",
    "full_sift_base": false,
    "vector_base_bytes": 25600000,
    "vector_query_bytes": 5120000,
    "kv_keys": 100000,
    "kv_value_size_bytes": 100,
    "kv_total_bytes_approx": 10800000
  },
  "client_host": "test2",
  "server_host": "localhost",
  "server_port": 4444,
  "platform": "Linux-6.12.100+deb13-cloud-amd64-x86_64-with-glibc2.41",
  "processor": "AMD EPYC 7B12",
  "cpu_count": 16,
  "args": {
    "host": "localhost",
    "port": 4444,
    "user": "admin",
    "timeout": 120,
    "server_version": "",
    "server_commit": "",
    "server_info_file": "",
    "suites": [
      "vector"
    ],
    "data_dir": "/home/<user>/.shibudb-benchmarks/data",
    "num_base": 50000,
    "num_queries": 10000,
    "k": 10,
    "dimension": 128,
    "index_types": [
      "HNSW32"
    ],
    "metric": "L2",
    "both_wal": true,
    "enable_wal": false,
    "kv_keys": 100000,
    "kv_value_size": 100,
    "concurrency": [
      1,
      2,
      4,
      8,
      16
    ],
    "ingest_concurrency": 16,
    "client_parallelism": "process",
    "settle_timeout": 600,
    "post_ingest_wait": 60,
    "drop_existing": true,
    "cleanup": true,
    "space_prefix": "bench",
    "out": "results/vector_HNSW32_50000_10000.csv"
  }
}
Loaded SIFT1M: base=(1000000, 128) query=(10000, 128) groundtruth=(10000, 100)
[gt] computing exact ground-truth (num_base=50000, metric=L2)...
[gt] done in 2.6s

=== VECTOR index=HNSW32 wal=False ===
[ingest] 19302 vec/s (2.6s, 0 failed)
[settle] waiting 60s for training/flushing to settle...
[query] c=1    QPS=  1908.9 recall@10=0.9357 p99=0.88ms failed=0
[query] c=2    QPS=  2636.2 recall@10=0.9357 p99=1.23ms failed=0
[query] c=4    QPS=  5212.4 recall@10=0.9357 p99=1.33ms failed=0
[query] c=8    QPS=  7282.2 recall@10=0.9357 p99=1.80ms failed=0
[query] c=16   QPS=  7912.5 recall@10=0.9357 p99=4.40ms failed=0

=== VECTOR index=HNSW32 wal=True ===
[ingest] 587 vec/s (85.1s, 0 failed)
[settle] waiting 60s for training/flushing to settle...
[query] c=1    QPS=  1953.3 recall@10=0.9365 p99=0.85ms failed=0
[query] c=2    QPS=  2730.3 recall@10=0.9365 p99=1.18ms failed=0
[query] c=4    QPS=  5380.9 recall@10=0.9365 p99=1.28ms failed=0
[query] c=8    QPS=  7466.6 recall@10=0.9365 p99=1.76ms failed=0
[query] c=16   QPS=  7950.1 recall@10=0.9365 p99=4.07ms failed=0

=== Summary ===
vector_search    insert           HNSW32         wal=0 c=16     19301.8 ops/s p99=4.80ms
vector_search    search           HNSW32         wal=0 c=1       1908.9 ops/s p99=0.88ms recall@10=0.9357
vector_search    search           HNSW32         wal=0 c=2       2636.2 ops/s p99=1.23ms recall@10=0.9357
vector_search    search           HNSW32         wal=0 c=4       5212.4 ops/s p99=1.33ms recall@10=0.9357
vector_search    search           HNSW32         wal=0 c=8       7282.2 ops/s p99=1.80ms recall@10=0.9357
vector_search    search           HNSW32         wal=0 c=16      7912.5 ops/s p99=4.40ms recall@10=0.9357
vector_search    insert           HNSW32         wal=1 c=16       587.4 ops/s p99=34.44ms
vector_search    search           HNSW32         wal=1 c=1       1953.3 ops/s p99=0.85ms recall@10=0.9365
vector_search    search           HNSW32         wal=1 c=2       2730.3 ops/s p99=1.18ms recall@10=0.9365
vector_search    search           HNSW32         wal=1 c=4       5380.9 ops/s p99=1.28ms recall@10=0.9365
vector_search    search           HNSW32         wal=1 c=8       7466.6 ops/s p99=1.76ms recall@10=0.9365
vector_search    search           HNSW32         wal=1 c=16      7950.1 ops/s p99=4.07ms recall@10=0.9365

Wrote results/vector_HNSW32_50000_10000.csv and results/vector_HNSW32_50000_10000.json

# finished: 2026-08-11 10:22:48 UTC (elapsed 239s, exit code 0)
