$ /home/<user>/shibudb-server-benchmarking/.venv/bin/python /home/<user>/shibudb-server-benchmarking/benchmark.py --suites vector --concurrency 1 2 4 8 16 --host localhost --port 4444 --user admin --password <redacted> --drop-existing --cleanup --out results/vector_IVF256-PQ8_1000000_10000.csv --both-wal --num-base 1000000 --num-queries 10000 --k 10 --ingest-concurrency 16 --post-ingest-wait 60 --index-types IVF256,PQ8
# started: 2026-08-12 00:35:21 UTC

{
  "timestamp": "2026-08-12T00:35:21.586648+00:00",
  "git_commit": "22b30f0351acb1f56cdbe77742f47c0e93a54067",
  "shibudb_client_version": "unknown",
  "python_version": "3.13.5",
  "dataset": "SIFT1M",
  "client": {
    "host": "test2",
    "platform": "Linux-6.12.100+deb13-cloud-amd64-x86_64-with-glibc2.41",
    "processor": "AMD EPYC 7B12",
    "cpu_count": 16,
    "ram_gb": 23.5
  },
  "server": {
    "host": "localhost",
    "port": 4444,
    "version": "unknown",
    "commit": "unknown",
    "hostname": "test2",
    "platform": "Linux-6.12.100+deb13-cloud-amd64-x86_64-with-glibc2.41",
    "processor": "AMD EPYC 7B12",
    "cpu_count": 16,
    "ram_gb": 23.5,
    "disk": "10 GB total (/)",
    "notes": "auto-detected (server co-located with benchmark client)"
  },
  "data_scale": {
    "dataset": "SIFT1M",
    "suites": [
      "vector_search"
    ],
    "num_base": 1000000,
    "num_queries": 10000,
    "dimension": 128,
    "k": 10,
    "metric": "L2",
    "full_sift_base": true,
    "vector_base_bytes": 512000000,
    "vector_query_bytes": 5120000,
    "kv_keys": 100000,
    "kv_value_size_bytes": 100,
    "kv_total_bytes_approx": 10800000
  },
  "client_host": "test2",
  "server_host": "localhost",
  "server_port": 4444,
  "platform": "Linux-6.12.100+deb13-cloud-amd64-x86_64-with-glibc2.41",
  "processor": "AMD EPYC 7B12",
  "cpu_count": 16,
  "args": {
    "host": "localhost",
    "port": 4444,
    "user": "admin",
    "timeout": 120,
    "server_version": "",
    "server_commit": "",
    "server_info_file": "",
    "suites": [
      "vector"
    ],
    "data_dir": "/home/<user>/.shibudb-benchmarks/data",
    "num_base": 1000000,
    "num_queries": 10000,
    "k": 10,
    "dimension": 128,
    "index_types": [
      "IVF256,PQ8"
    ],
    "metric": "L2",
    "both_wal": true,
    "enable_wal": false,
    "kv_keys": 100000,
    "kv_value_size": 100,
    "concurrency": [
      1,
      2,
      4,
      8,
      16
    ],
    "ingest_concurrency": 16,
    "client_parallelism": "process",
    "settle_timeout": 600,
    "post_ingest_wait": 60,
    "drop_existing": true,
    "cleanup": true,
    "space_prefix": "bench",
    "out": "results/vector_IVF256-PQ8_1000000_10000.csv"
  }
}
Loaded SIFT1M: base=(1000000, 128) query=(10000, 128) groundtruth=(10000, 100)
[gt] using canonical SIFT ground-truth

=== VECTOR index=IVF256,PQ8 wal=False ===
[ingest] 26218 vec/s (38.1s, 0 failed)
[settle] waiting 60s for training/flushing to settle...
[query] c=1    QPS=  1831.7 recall@10=0.2527 p99=0.82ms failed=0
[query] c=2    QPS=  2588.3 recall@10=0.2527 p99=1.04ms failed=0
[query] c=4    QPS=  4542.3 recall@10=0.2527 p99=1.07ms failed=0
[query] c=8    QPS=  5128.7 recall@10=0.2527 p99=1.34ms failed=0
[query] c=16   QPS=  4052.9 recall@10=0.2527 p99=2.41ms failed=0

=== VECTOR index=IVF256,PQ8 wal=True ===
[ingest] 617 vec/s (1620.1s, 0 failed)
[settle] waiting 60s for training/flushing to settle...
[query] c=1    QPS=  1801.1 recall@10=0.2540 p99=0.84ms failed=0
[query] c=2    QPS=  2530.2 recall@10=0.2540 p99=1.04ms failed=0
[query] c=4    QPS=  4463.0 recall@10=0.2540 p99=1.07ms failed=0
[query] c=8    QPS=  4883.8 recall@10=0.2540 p99=1.35ms failed=0
[query] c=16   QPS=  3959.3 recall@10=0.2540 p99=2.43ms failed=0

=== Summary ===
vector_search    insert           IVF256,PQ8     wal=0 c=16     26218.3 ops/s p99=1.74ms
vector_search    search           IVF256,PQ8     wal=0 c=1       1831.7 ops/s p99=0.82ms recall@10=0.2527
vector_search    search           IVF256,PQ8     wal=0 c=2       2588.3 ops/s p99=1.04ms recall@10=0.2527
vector_search    search           IVF256,PQ8     wal=0 c=4       4542.3 ops/s p99=1.07ms recall@10=0.2527
vector_search    search           IVF256,PQ8     wal=0 c=8       5128.7 ops/s p99=1.34ms recall@10=0.2527
vector_search    search           IVF256,PQ8     wal=0 c=16      4052.9 ops/s p99=2.41ms recall@10=0.2527
vector_search    insert           IVF256,PQ8     wal=1 c=16       617.2 ops/s p99=35.21ms
vector_search    search           IVF256,PQ8     wal=1 c=1       1801.1 ops/s p99=0.84ms recall@10=0.2540
vector_search    search           IVF256,PQ8     wal=1 c=2       2530.2 ops/s p99=1.04ms recall@10=0.2540
vector_search    search           IVF256,PQ8     wal=1 c=4       4463.0 ops/s p99=1.07ms recall@10=0.2540
vector_search    search           IVF256,PQ8     wal=1 c=8       4883.8 ops/s p99=1.35ms recall@10=0.2540
vector_search    search           IVF256,PQ8     wal=1 c=16      3959.3 ops/s p99=2.43ms recall@10=0.2540

Wrote results/vector_IVF256-PQ8_1000000_10000.csv and results/vector_IVF256-PQ8_1000000_10000.json

# finished: 2026-08-12 01:05:48 UTC (elapsed 1827s, exit code 0)
