$ /home/<user>/shibudb-server-benchmarking/.venv/bin/python /home/<user>/shibudb-server-benchmarking/benchmark.py --suites vector --concurrency 1 2 4 8 16 --host localhost --port 4444 --user admin --password <redacted> --drop-existing --cleanup --out results/vector_HNSW16_1000000_10000.csv --both-wal --num-base 1000000 --num-queries 10000 --k 10 --ingest-concurrency 16 --post-ingest-wait 60 --index-types HNSW16
# started: 2026-08-11 21:16:27 UTC

{
  "timestamp": "2026-08-11T21:16:27.778145+00:00",
  "git_commit": "22b30f0351acb1f56cdbe77742f47c0e93a54067",
  "shibudb_client_version": "unknown",
  "python_version": "3.13.5",
  "dataset": "SIFT1M",
  "client": {
    "host": "test2",
    "platform": "Linux-6.12.100+deb13-cloud-amd64-x86_64-with-glibc2.41",
    "processor": "AMD EPYC 7B12",
    "cpu_count": 16,
    "ram_gb": 23.5
  },
  "server": {
    "host": "localhost",
    "port": 4444,
    "version": "unknown",
    "commit": "unknown",
    "hostname": "test2",
    "platform": "Linux-6.12.100+deb13-cloud-amd64-x86_64-with-glibc2.41",
    "processor": "AMD EPYC 7B12",
    "cpu_count": 16,
    "ram_gb": 23.5,
    "disk": "10 GB total (/)",
    "notes": "auto-detected (server co-located with benchmark client)"
  },
  "data_scale": {
    "dataset": "SIFT1M",
    "suites": [
      "vector_search"
    ],
    "num_base": 1000000,
    "num_queries": 10000,
    "dimension": 128,
    "k": 10,
    "metric": "L2",
    "full_sift_base": true,
    "vector_base_bytes": 512000000,
    "vector_query_bytes": 5120000,
    "kv_keys": 100000,
    "kv_value_size_bytes": 100,
    "kv_total_bytes_approx": 10800000
  },
  "client_host": "test2",
  "server_host": "localhost",
  "server_port": 4444,
  "platform": "Linux-6.12.100+deb13-cloud-amd64-x86_64-with-glibc2.41",
  "processor": "AMD EPYC 7B12",
  "cpu_count": 16,
  "args": {
    "host": "localhost",
    "port": 4444,
    "user": "admin",
    "timeout": 120,
    "server_version": "",
    "server_commit": "",
    "server_info_file": "",
    "suites": [
      "vector"
    ],
    "data_dir": "/home/<user>/.shibudb-benchmarks/data",
    "num_base": 1000000,
    "num_queries": 10000,
    "k": 10,
    "dimension": 128,
    "index_types": [
      "HNSW16"
    ],
    "metric": "L2",
    "both_wal": true,
    "enable_wal": false,
    "kv_keys": 100000,
    "kv_value_size": 100,
    "concurrency": [
      1,
      2,
      4,
      8,
      16
    ],
    "ingest_concurrency": 16,
    "client_parallelism": "process",
    "settle_timeout": 600,
    "post_ingest_wait": 60,
    "drop_existing": true,
    "cleanup": true,
    "space_prefix": "bench",
    "out": "results/vector_HNSW16_1000000_10000.csv"
  }
}
Loaded SIFT1M: base=(1000000, 128) query=(10000, 128) groundtruth=(10000, 100)
[gt] using canonical SIFT ground-truth

=== VECTOR index=HNSW16 wal=False ===
[ingest] 20869 vec/s (47.9s, 0 failed)
[settle] waiting 60s for training/flushing to settle...
[query] c=1    QPS=  1577.7 recall@10=0.7210 p99=1.00ms failed=0
[query] c=2    QPS=  2193.6 recall@10=0.7210 p99=1.24ms failed=0
[query] c=4    QPS=  3945.5 recall@10=0.7210 p99=1.31ms failed=0
[query] c=8    QPS=  4758.2 recall@10=0.7210 p99=1.48ms failed=0
[query] c=16   QPS=  3788.7 recall@10=0.7210 p99=2.78ms failed=0

=== VECTOR index=HNSW16 wal=True ===
[ingest] 536 vec/s (1864.4s, 0 failed)
[settle] waiting 60s for training/flushing to settle...
[query] c=1    QPS=  1594.3 recall@10=0.7241 p99=0.94ms failed=0
[query] c=2    QPS=  2290.0 recall@10=0.7241 p99=1.16ms failed=0
[query] c=4    QPS=  4116.0 recall@10=0.7241 p99=1.24ms failed=0
[query] c=8    QPS=  4885.0 recall@10=0.7241 p99=1.43ms failed=0
[query] c=16   QPS=  3843.4 recall@10=0.7241 p99=2.56ms failed=0

=== Summary ===
vector_search    insert           HNSW16         wal=0 c=16     20868.7 ops/s p99=5.31ms
vector_search    search           HNSW16         wal=0 c=1       1577.7 ops/s p99=1.00ms recall@10=0.7210
vector_search    search           HNSW16         wal=0 c=2       2193.6 ops/s p99=1.24ms recall@10=0.7210
vector_search    search           HNSW16         wal=0 c=4       3945.5 ops/s p99=1.31ms recall@10=0.7210
vector_search    search           HNSW16         wal=0 c=8       4758.2 ops/s p99=1.48ms recall@10=0.7210
vector_search    search           HNSW16         wal=0 c=16      3788.7 ops/s p99=2.78ms recall@10=0.7210
vector_search    insert           HNSW16         wal=1 c=16       536.4 ops/s p99=40.77ms
vector_search    search           HNSW16         wal=1 c=1       1594.3 ops/s p99=0.94ms recall@10=0.7241
vector_search    search           HNSW16         wal=1 c=2       2290.0 ops/s p99=1.16ms recall@10=0.7241
vector_search    search           HNSW16         wal=1 c=4       4116.0 ops/s p99=1.24ms recall@10=0.7241
vector_search    search           HNSW16         wal=1 c=8       4885.0 ops/s p99=1.43ms recall@10=0.7241
vector_search    search           HNSW16         wal=1 c=16      3843.4 ops/s p99=2.56ms recall@10=0.7241

Wrote results/vector_HNSW16_1000000_10000.csv and results/vector_HNSW16_1000000_10000.json

# finished: 2026-08-11 21:51:14 UTC (elapsed 2087s, exit code 0)
