$ /home/<user>/shibudb-server-benchmarking/.venv/bin/python /home/<user>/shibudb-server-benchmarking/benchmark.py --suites vector --concurrency 1 2 4 8 16 --host localhost --port 4444 --user admin --password <redacted> --drop-existing --cleanup --out results/vector_IVF256-PQ16_1000000_10000.csv --both-wal --num-base 1000000 --num-queries 10000 --k 10 --ingest-concurrency 16 --post-ingest-wait 60 --index-types IVF256,PQ16
# started: 2026-08-12 01:05:49 UTC

{
  "timestamp": "2026-08-12T01:05:50.009984+00:00",
  "git_commit": "22b30f0351acb1f56cdbe77742f47c0e93a54067",
  "shibudb_client_version": "unknown",
  "python_version": "3.13.5",
  "dataset": "SIFT1M",
  "client": {
    "host": "test2",
    "platform": "Linux-6.12.100+deb13-cloud-amd64-x86_64-with-glibc2.41",
    "processor": "AMD EPYC 7B12",
    "cpu_count": 16,
    "ram_gb": 23.5
  },
  "server": {
    "host": "localhost",
    "port": 4444,
    "version": "unknown",
    "commit": "unknown",
    "hostname": "test2",
    "platform": "Linux-6.12.100+deb13-cloud-amd64-x86_64-with-glibc2.41",
    "processor": "AMD EPYC 7B12",
    "cpu_count": 16,
    "ram_gb": 23.5,
    "disk": "10 GB total (/)",
    "notes": "auto-detected (server co-located with benchmark client)"
  },
  "data_scale": {
    "dataset": "SIFT1M",
    "suites": [
      "vector_search"
    ],
    "num_base": 1000000,
    "num_queries": 10000,
    "dimension": 128,
    "k": 10,
    "metric": "L2",
    "full_sift_base": true,
    "vector_base_bytes": 512000000,
    "vector_query_bytes": 5120000,
    "kv_keys": 100000,
    "kv_value_size_bytes": 100,
    "kv_total_bytes_approx": 10800000
  },
  "client_host": "test2",
  "server_host": "localhost",
  "server_port": 4444,
  "platform": "Linux-6.12.100+deb13-cloud-amd64-x86_64-with-glibc2.41",
  "processor": "AMD EPYC 7B12",
  "cpu_count": 16,
  "args": {
    "host": "localhost",
    "port": 4444,
    "user": "admin",
    "timeout": 120,
    "server_version": "",
    "server_commit": "",
    "server_info_file": "",
    "suites": [
      "vector"
    ],
    "data_dir": "/home/<user>/.shibudb-benchmarks/data",
    "num_base": 1000000,
    "num_queries": 10000,
    "k": 10,
    "dimension": 128,
    "index_types": [
      "IVF256,PQ16"
    ],
    "metric": "L2",
    "both_wal": true,
    "enable_wal": false,
    "kv_keys": 100000,
    "kv_value_size": 100,
    "concurrency": [
      1,
      2,
      4,
      8,
      16
    ],
    "ingest_concurrency": 16,
    "client_parallelism": "process",
    "settle_timeout": 600,
    "post_ingest_wait": 60,
    "drop_existing": true,
    "cleanup": true,
    "space_prefix": "bench",
    "out": "results/vector_IVF256-PQ16_1000000_10000.csv"
  }
}
Loaded SIFT1M: base=(1000000, 128) query=(10000, 128) groundtruth=(10000, 100)
[gt] using canonical SIFT ground-truth

=== VECTOR index=IVF256,PQ16 wal=False ===
[ingest] 21862 vec/s (45.7s, 0 failed)
[settle] waiting 60s for training/flushing to settle...
[query] c=1    QPS=  1650.2 recall@10=0.3543 p99=0.95ms failed=0
[query] c=2    QPS=  2347.8 recall@10=0.3543 p99=1.16ms failed=0
[query] c=4    QPS=  4256.2 recall@10=0.3543 p99=1.16ms failed=0
[query] c=8    QPS=  4832.9 recall@10=0.3543 p99=1.42ms failed=0
[query] c=16   QPS=  3904.5 recall@10=0.3543 p99=2.51ms failed=0

=== VECTOR index=IVF256,PQ16 wal=True ===
[ingest] 585 vec/s (1709.5s, 0 failed)
[settle] waiting 60s for training/flushing to settle...
[query] c=1    QPS=  1682.9 recall@10=0.3527 p99=0.92ms failed=0
[query] c=2    QPS=  2397.9 recall@10=0.3527 p99=1.09ms failed=0
[query] c=4    QPS=  4260.6 recall@10=0.3527 p99=1.14ms failed=0
[query] c=8    QPS=  4884.5 recall@10=0.3527 p99=1.38ms failed=0
[query] c=16   QPS=  3984.4 recall@10=0.3527 p99=2.46ms failed=0

=== Summary ===
vector_search    insert           IVF256,PQ16    wal=0 c=16     21861.7 ops/s p99=5.52ms
vector_search    search           IVF256,PQ16    wal=0 c=1       1650.2 ops/s p99=0.95ms recall@10=0.3543
vector_search    search           IVF256,PQ16    wal=0 c=2       2347.8 ops/s p99=1.16ms recall@10=0.3543
vector_search    search           IVF256,PQ16    wal=0 c=4       4256.2 ops/s p99=1.16ms recall@10=0.3543
vector_search    search           IVF256,PQ16    wal=0 c=8       4832.9 ops/s p99=1.42ms recall@10=0.3543
vector_search    search           IVF256,PQ16    wal=0 c=16      3904.5 ops/s p99=2.51ms recall@10=0.3543
vector_search    insert           IVF256,PQ16    wal=1 c=16       585.0 ops/s p99=36.47ms
vector_search    search           IVF256,PQ16    wal=1 c=1       1682.9 ops/s p99=0.92ms recall@10=0.3527
vector_search    search           IVF256,PQ16    wal=1 c=2       2397.9 ops/s p99=1.09ms recall@10=0.3527
vector_search    search           IVF256,PQ16    wal=1 c=4       4260.6 ops/s p99=1.14ms recall@10=0.3527
vector_search    search           IVF256,PQ16    wal=1 c=8       4884.5 ops/s p99=1.38ms recall@10=0.3527
vector_search    search           IVF256,PQ16    wal=1 c=16      3984.4 ops/s p99=2.46ms recall@10=0.3527

Wrote results/vector_IVF256-PQ16_1000000_10000.csv and results/vector_IVF256-PQ16_1000000_10000.json

# finished: 2026-08-12 01:37:56 UTC (elapsed 1926s, exit code 0)
