$ /home/<user>/shibudb-server-benchmarking/.venv/bin/python /home/<user>/shibudb-server-benchmarking/benchmark.py --suites vector --concurrency 1 2 4 8 16 --host localhost --port 4444 --user admin --password <redacted> --drop-existing --cleanup --out results/vector_IVF128-Flat_100000_10000.csv --both-wal --num-base 100000 --num-queries 10000 --k 10 --ingest-concurrency 16 --post-ingest-wait 60 --index-types IVF128,Flat
# started: 2026-08-11 11:49:02 UTC

{
  "timestamp": "2026-08-11T11:49:02.344905+00:00",
  "git_commit": "22b30f0351acb1f56cdbe77742f47c0e93a54067",
  "shibudb_client_version": "unknown",
  "python_version": "3.13.5",
  "dataset": "SIFT1M",
  "client": {
    "host": "test2",
    "platform": "Linux-6.12.100+deb13-cloud-amd64-x86_64-with-glibc2.41",
    "processor": "AMD EPYC 7B12",
    "cpu_count": 16,
    "ram_gb": 23.5
  },
  "server": {
    "host": "localhost",
    "port": 4444,
    "version": "unknown",
    "commit": "unknown",
    "hostname": "test2",
    "platform": "Linux-6.12.100+deb13-cloud-amd64-x86_64-with-glibc2.41",
    "processor": "AMD EPYC 7B12",
    "cpu_count": 16,
    "ram_gb": 23.5,
    "disk": "10 GB total (/)",
    "notes": "auto-detected (server co-located with benchmark client)"
  },
  "data_scale": {
    "dataset": "SIFT1M",
    "suites": [
      "vector_search"
    ],
    "num_base": 100000,
    "num_queries": 10000,
    "dimension": 128,
    "k": 10,
    "metric": "L2",
    "full_sift_base": false,
    "vector_base_bytes": 51200000,
    "vector_query_bytes": 5120000,
    "kv_keys": 100000,
    "kv_value_size_bytes": 100,
    "kv_total_bytes_approx": 10800000
  },
  "client_host": "test2",
  "server_host": "localhost",
  "server_port": 4444,
  "platform": "Linux-6.12.100+deb13-cloud-amd64-x86_64-with-glibc2.41",
  "processor": "AMD EPYC 7B12",
  "cpu_count": 16,
  "args": {
    "host": "localhost",
    "port": 4444,
    "user": "admin",
    "timeout": 120,
    "server_version": "",
    "server_commit": "",
    "server_info_file": "",
    "suites": [
      "vector"
    ],
    "data_dir": "/home/<user>/.shibudb-benchmarks/data",
    "num_base": 100000,
    "num_queries": 10000,
    "k": 10,
    "dimension": 128,
    "index_types": [
      "IVF128,Flat"
    ],
    "metric": "L2",
    "both_wal": true,
    "enable_wal": false,
    "kv_keys": 100000,
    "kv_value_size": 100,
    "concurrency": [
      1,
      2,
      4,
      8,
      16
    ],
    "ingest_concurrency": 16,
    "client_parallelism": "process",
    "settle_timeout": 600,
    "post_ingest_wait": 60,
    "drop_existing": true,
    "cleanup": true,
    "space_prefix": "bench",
    "out": "results/vector_IVF128-Flat_100000_10000.csv"
  }
}
Loaded SIFT1M: base=(1000000, 128) query=(10000, 128) groundtruth=(10000, 100)
[gt] computing exact ground-truth (num_base=100000, metric=L2)...
[gt] done in 6.8s

=== VECTOR index=IVF128,Flat wal=False ===
[ingest] 24360 vec/s (4.1s, 0 failed)
[settle] waiting 60s for training/flushing to settle...
[query] c=1    QPS=  1857.0 recall@10=0.4809 p99=0.88ms failed=0
[query] c=2    QPS=  2747.4 recall@10=0.4809 p99=1.15ms failed=0
[query] c=4    QPS=  5361.2 recall@10=0.4809 p99=1.26ms failed=0
[query] c=8    QPS=  8005.9 recall@10=0.4809 p99=1.57ms failed=0
[query] c=16   QPS=  8769.2 recall@10=0.4809 p99=3.74ms failed=0

=== VECTOR index=IVF128,Flat wal=True ===
[ingest] 575 vec/s (174.0s, 0 failed)
[settle] waiting 60s for training/flushing to settle...
[query] c=1    QPS=  1939.3 recall@10=0.4770 p99=0.84ms failed=0
[query] c=2    QPS=  2870.0 recall@10=0.4770 p99=1.06ms failed=0
[query] c=4    QPS=  5709.5 recall@10=0.4770 p99=1.19ms failed=0
[query] c=8    QPS=  8307.5 recall@10=0.4770 p99=1.56ms failed=0
[query] c=16   QPS=  8833.4 recall@10=0.4770 p99=3.68ms failed=0

=== Summary ===
vector_search    insert           IVF128,Flat    wal=0 c=16     24359.8 ops/s p99=2.46ms
vector_search    search           IVF128,Flat    wal=0 c=1       1857.0 ops/s p99=0.88ms recall@10=0.4809
vector_search    search           IVF128,Flat    wal=0 c=2       2747.4 ops/s p99=1.15ms recall@10=0.4809
vector_search    search           IVF128,Flat    wal=0 c=4       5361.2 ops/s p99=1.26ms recall@10=0.4809
vector_search    search           IVF128,Flat    wal=0 c=8       8005.9 ops/s p99=1.57ms recall@10=0.4809
vector_search    search           IVF128,Flat    wal=0 c=16      8769.2 ops/s p99=3.74ms recall@10=0.4809
vector_search    insert           IVF128,Flat    wal=1 c=16       574.6 ops/s p99=35.34ms
vector_search    search           IVF128,Flat    wal=1 c=1       1939.3 ops/s p99=0.84ms recall@10=0.4770
vector_search    search           IVF128,Flat    wal=1 c=2       2870.0 ops/s p99=1.06ms recall@10=0.4770
vector_search    search           IVF128,Flat    wal=1 c=4       5709.5 ops/s p99=1.19ms recall@10=0.4770
vector_search    search           IVF128,Flat    wal=1 c=8       8307.5 ops/s p99=1.56ms recall@10=0.4770
vector_search    search           IVF128,Flat    wal=1 c=16      8833.4 ops/s p99=3.68ms recall@10=0.4770

Wrote results/vector_IVF128-Flat_100000_10000.csv and results/vector_IVF128-Flat_100000_10000.json

# finished: 2026-08-11 11:54:35 UTC (elapsed 334s, exit code 0)
