$ /home/<user>/shibudb-server-benchmarking/.venv/bin/python /home/<user>/shibudb-server-benchmarking/benchmark.py --suites vector --concurrency 1 2 4 8 16 --host localhost --port 4444 --user admin --password <redacted> --drop-existing --cleanup --out results/vector_PQ8_100000_10000.csv --both-wal --num-base 100000 --num-queries 10000 --k 10 --ingest-concurrency 16 --post-ingest-wait 60 --index-types PQ8
# started: 2026-08-11 12:10:31 UTC

{
  "timestamp": "2026-08-11T12:10:31.357920+00:00",
  "git_commit": "22b30f0351acb1f56cdbe77742f47c0e93a54067",
  "shibudb_client_version": "unknown",
  "python_version": "3.13.5",
  "dataset": "SIFT1M",
  "client": {
    "host": "test2",
    "platform": "Linux-6.12.100+deb13-cloud-amd64-x86_64-with-glibc2.41",
    "processor": "AMD EPYC 7B12",
    "cpu_count": 16,
    "ram_gb": 23.5
  },
  "server": {
    "host": "localhost",
    "port": 4444,
    "version": "unknown",
    "commit": "unknown",
    "hostname": "test2",
    "platform": "Linux-6.12.100+deb13-cloud-amd64-x86_64-with-glibc2.41",
    "processor": "AMD EPYC 7B12",
    "cpu_count": 16,
    "ram_gb": 23.5,
    "disk": "10 GB total (/)",
    "notes": "auto-detected (server co-located with benchmark client)"
  },
  "data_scale": {
    "dataset": "SIFT1M",
    "suites": [
      "vector_search"
    ],
    "num_base": 100000,
    "num_queries": 10000,
    "dimension": 128,
    "k": 10,
    "metric": "L2",
    "full_sift_base": false,
    "vector_base_bytes": 51200000,
    "vector_query_bytes": 5120000,
    "kv_keys": 100000,
    "kv_value_size_bytes": 100,
    "kv_total_bytes_approx": 10800000
  },
  "client_host": "test2",
  "server_host": "localhost",
  "server_port": 4444,
  "platform": "Linux-6.12.100+deb13-cloud-amd64-x86_64-with-glibc2.41",
  "processor": "AMD EPYC 7B12",
  "cpu_count": 16,
  "args": {
    "host": "localhost",
    "port": 4444,
    "user": "admin",
    "timeout": 120,
    "server_version": "",
    "server_commit": "",
    "server_info_file": "",
    "suites": [
      "vector"
    ],
    "data_dir": "/home/<user>/.shibudb-benchmarks/data",
    "num_base": 100000,
    "num_queries": 10000,
    "k": 10,
    "dimension": 128,
    "index_types": [
      "PQ8"
    ],
    "metric": "L2",
    "both_wal": true,
    "enable_wal": false,
    "kv_keys": 100000,
    "kv_value_size": 100,
    "concurrency": [
      1,
      2,
      4,
      8,
      16
    ],
    "ingest_concurrency": 16,
    "client_parallelism": "process",
    "settle_timeout": 600,
    "post_ingest_wait": 60,
    "drop_existing": true,
    "cleanup": true,
    "space_prefix": "bench",
    "out": "results/vector_PQ8_100000_10000.csv"
  }
}
Loaded SIFT1M: base=(1000000, 128) query=(10000, 128) groundtruth=(10000, 100)
[gt] computing exact ground-truth (num_base=100000, metric=L2)...
[gt] done in 6.9s

=== VECTOR index=PQ8 wal=False ===
[ingest] 24941 vec/s (4.0s, 0 failed)
[settle] waiting 60s for training/flushing to settle...
[query] c=1    QPS=   345.0 recall@10=0.3996 p99=3.83ms failed=0
[query] c=2    QPS=   558.0 recall@10=0.3995 p99=6.12ms failed=0
[query] c=4    QPS=   857.1 recall@10=0.3993 p99=7.23ms failed=0
[query] c=8    QPS=  1169.1 recall@10=0.3995 p99=10.75ms failed=0
[query] c=16   QPS=  1663.2 recall@10=0.3991 p99=16.80ms failed=0

=== VECTOR index=PQ8 wal=True ===
[ingest] 600 vec/s (166.8s, 0 failed)
[settle] waiting 60s for training/flushing to settle...
[query] c=1    QPS=   364.5 recall@10=0.4040 p99=3.44ms failed=0
[query] c=2    QPS=   588.4 recall@10=0.4039 p99=5.85ms failed=0
[query] c=4    QPS=   878.4 recall@10=0.4039 p99=7.08ms failed=0
[query] c=8    QPS=  1205.2 recall@10=0.4037 p99=10.34ms failed=0
[query] c=16   QPS=  1685.5 recall@10=0.4033 p99=16.04ms failed=0

=== Summary ===
vector_search    insert           PQ8            wal=0 c=16     24940.8 ops/s p99=2.29ms
vector_search    search           PQ8            wal=0 c=1        345.0 ops/s p99=3.83ms recall@10=0.3996
vector_search    search           PQ8            wal=0 c=2        558.0 ops/s p99=6.12ms recall@10=0.3995
vector_search    search           PQ8            wal=0 c=4        857.1 ops/s p99=7.23ms recall@10=0.3993
vector_search    search           PQ8            wal=0 c=8       1169.1 ops/s p99=10.75ms recall@10=0.3995
vector_search    search           PQ8            wal=0 c=16      1663.2 ops/s p99=16.80ms recall@10=0.3991
vector_search    insert           PQ8            wal=1 c=16       599.7 ops/s p99=32.06ms
vector_search    search           PQ8            wal=1 c=1        364.5 ops/s p99=3.44ms recall@10=0.4040
vector_search    search           PQ8            wal=1 c=2        588.4 ops/s p99=5.85ms recall@10=0.4039
vector_search    search           PQ8            wal=1 c=4        878.4 ops/s p99=7.08ms recall@10=0.4039
vector_search    search           PQ8            wal=1 c=8       1205.2 ops/s p99=10.34ms recall@10=0.4037
vector_search    search           PQ8            wal=1 c=16      1685.5 ops/s p99=16.04ms recall@10=0.4033

Wrote results/vector_PQ8_100000_10000.csv and results/vector_PQ8_100000_10000.json

# finished: 2026-08-11 12:17:54 UTC (elapsed 443s, exit code 0)
