$ /home/<user>/shibudb-server-benchmarking/.venv/bin/python /home/<user>/shibudb-server-benchmarking/benchmark.py --suites vector --concurrency 1 2 4 8 16 --host localhost --port 4444 --user admin --password <redacted> --drop-existing --cleanup --out results/vector_HNSW8_1000000_10000.csv --both-wal --num-base 1000000 --num-queries 10000 --k 10 --ingest-concurrency 16 --post-ingest-wait 60 --index-types HNSW8
# started: 2026-08-11 20:42:01 UTC

{
  "timestamp": "2026-08-11T20:42:01.908340+00:00",
  "git_commit": "22b30f0351acb1f56cdbe77742f47c0e93a54067",
  "shibudb_client_version": "unknown",
  "python_version": "3.13.5",
  "dataset": "SIFT1M",
  "client": {
    "host": "test2",
    "platform": "Linux-6.12.100+deb13-cloud-amd64-x86_64-with-glibc2.41",
    "processor": "AMD EPYC 7B12",
    "cpu_count": 16,
    "ram_gb": 23.5
  },
  "server": {
    "host": "localhost",
    "port": 4444,
    "version": "unknown",
    "commit": "unknown",
    "hostname": "test2",
    "platform": "Linux-6.12.100+deb13-cloud-amd64-x86_64-with-glibc2.41",
    "processor": "AMD EPYC 7B12",
    "cpu_count": 16,
    "ram_gb": 23.5,
    "disk": "10 GB total (/)",
    "notes": "auto-detected (server co-located with benchmark client)"
  },
  "data_scale": {
    "dataset": "SIFT1M",
    "suites": [
      "vector_search"
    ],
    "num_base": 1000000,
    "num_queries": 10000,
    "dimension": 128,
    "k": 10,
    "metric": "L2",
    "full_sift_base": true,
    "vector_base_bytes": 512000000,
    "vector_query_bytes": 5120000,
    "kv_keys": 100000,
    "kv_value_size_bytes": 100,
    "kv_total_bytes_approx": 10800000
  },
  "client_host": "test2",
  "server_host": "localhost",
  "server_port": 4444,
  "platform": "Linux-6.12.100+deb13-cloud-amd64-x86_64-with-glibc2.41",
  "processor": "AMD EPYC 7B12",
  "cpu_count": 16,
  "args": {
    "host": "localhost",
    "port": 4444,
    "user": "admin",
    "timeout": 120,
    "server_version": "",
    "server_commit": "",
    "server_info_file": "",
    "suites": [
      "vector"
    ],
    "data_dir": "/home/<user>/.shibudb-benchmarks/data",
    "num_base": 1000000,
    "num_queries": 10000,
    "k": 10,
    "dimension": 128,
    "index_types": [
      "HNSW8"
    ],
    "metric": "L2",
    "both_wal": true,
    "enable_wal": false,
    "kv_keys": 100000,
    "kv_value_size": 100,
    "concurrency": [
      1,
      2,
      4,
      8,
      16
    ],
    "ingest_concurrency": 16,
    "client_parallelism": "process",
    "settle_timeout": 600,
    "post_ingest_wait": 60,
    "drop_existing": true,
    "cleanup": true,
    "space_prefix": "bench",
    "out": "results/vector_HNSW8_1000000_10000.csv"
  }
}
Loaded SIFT1M: base=(1000000, 128) query=(10000, 128) groundtruth=(10000, 100)
[gt] using canonical SIFT ground-truth

=== VECTOR index=HNSW8 wal=False ===
[ingest] 21506 vec/s (46.5s, 0 failed)
[settle] waiting 60s for training/flushing to settle...
[query] c=1    QPS=  1609.8 recall@10=0.6469 p99=0.98ms failed=0
[query] c=2    QPS=  2137.3 recall@10=0.6469 p99=1.37ms failed=0
[query] c=4    QPS=  3821.2 recall@10=0.6469 p99=1.39ms failed=0
[query] c=8    QPS=  4676.1 recall@10=0.6469 p99=1.56ms failed=0
[query] c=16   QPS=  3858.6 recall@10=0.6469 p99=2.67ms failed=0

=== VECTOR index=HNSW8 wal=True ===
[ingest] 543 vec/s (1841.9s, 0 failed)
[settle] waiting 60s for training/flushing to settle...
[query] c=1    QPS=  1472.2 recall@10=0.6470 p99=1.08ms failed=0
[query] c=2    QPS=  2263.0 recall@10=0.6470 p99=1.25ms failed=0
[query] c=4    QPS=  4012.8 recall@10=0.6470 p99=1.31ms failed=0
[query] c=8    QPS=  4729.5 recall@10=0.6470 p99=1.54ms failed=0
[query] c=16   QPS=  3940.8 recall@10=0.6470 p99=2.57ms failed=0

=== Summary ===
vector_search    insert           HNSW8          wal=0 c=16     21506.4 ops/s p99=4.80ms
vector_search    search           HNSW8          wal=0 c=1       1609.8 ops/s p99=0.98ms recall@10=0.6469
vector_search    search           HNSW8          wal=0 c=2       2137.3 ops/s p99=1.37ms recall@10=0.6469
vector_search    search           HNSW8          wal=0 c=4       3821.2 ops/s p99=1.39ms recall@10=0.6469
vector_search    search           HNSW8          wal=0 c=8       4676.1 ops/s p99=1.56ms recall@10=0.6469
vector_search    search           HNSW8          wal=0 c=16      3858.6 ops/s p99=2.67ms recall@10=0.6469
vector_search    insert           HNSW8          wal=1 c=16       542.9 ops/s p99=40.59ms
vector_search    search           HNSW8          wal=1 c=1       1472.2 ops/s p99=1.08ms recall@10=0.6470
vector_search    search           HNSW8          wal=1 c=2       2263.0 ops/s p99=1.25ms recall@10=0.6470
vector_search    search           HNSW8          wal=1 c=4       4012.8 ops/s p99=1.31ms recall@10=0.6470
vector_search    search           HNSW8          wal=1 c=8       4729.5 ops/s p99=1.54ms recall@10=0.6470
vector_search    search           HNSW8          wal=1 c=16      3940.8 ops/s p99=2.57ms recall@10=0.6470

Wrote results/vector_HNSW8_1000000_10000.csv and results/vector_HNSW8_1000000_10000.json

# finished: 2026-08-11 21:16:26 UTC (elapsed 2064s, exit code 0)
