$ /home/<user>/shibudb-server-benchmarking/.venv/bin/python /home/<user>/shibudb-server-benchmarking/benchmark.py --suites vector --concurrency 1 2 4 8 16 --host localhost --port 4444 --user admin --password <redacted> --drop-existing --cleanup --out results/vector_HNSW32_500000_10000.csv --both-wal --num-base 500000 --num-queries 10000 --k 10 --ingest-concurrency 16 --post-ingest-wait 60 --index-types HNSW32
# started: 2026-08-11 14:04:46 UTC

{
  "timestamp": "2026-08-11T14:04:46.526302+00:00",
  "git_commit": "22b30f0351acb1f56cdbe77742f47c0e93a54067",
  "shibudb_client_version": "unknown",
  "python_version": "3.13.5",
  "dataset": "SIFT1M",
  "client": {
    "host": "test2",
    "platform": "Linux-6.12.100+deb13-cloud-amd64-x86_64-with-glibc2.41",
    "processor": "AMD EPYC 7B12",
    "cpu_count": 16,
    "ram_gb": 23.5
  },
  "server": {
    "host": "localhost",
    "port": 4444,
    "version": "unknown",
    "commit": "unknown",
    "hostname": "test2",
    "platform": "Linux-6.12.100+deb13-cloud-amd64-x86_64-with-glibc2.41",
    "processor": "AMD EPYC 7B12",
    "cpu_count": 16,
    "ram_gb": 23.5,
    "disk": "10 GB total (/)",
    "notes": "auto-detected (server co-located with benchmark client)"
  },
  "data_scale": {
    "dataset": "SIFT1M",
    "suites": [
      "vector_search"
    ],
    "num_base": 500000,
    "num_queries": 10000,
    "dimension": 128,
    "k": 10,
    "metric": "L2",
    "full_sift_base": false,
    "vector_base_bytes": 256000000,
    "vector_query_bytes": 5120000,
    "kv_keys": 100000,
    "kv_value_size_bytes": 100,
    "kv_total_bytes_approx": 10800000
  },
  "client_host": "test2",
  "server_host": "localhost",
  "server_port": 4444,
  "platform": "Linux-6.12.100+deb13-cloud-amd64-x86_64-with-glibc2.41",
  "processor": "AMD EPYC 7B12",
  "cpu_count": 16,
  "args": {
    "host": "localhost",
    "port": 4444,
    "user": "admin",
    "timeout": 120,
    "server_version": "",
    "server_commit": "",
    "server_info_file": "",
    "suites": [
      "vector"
    ],
    "data_dir": "/home/<user>/.shibudb-benchmarks/data",
    "num_base": 500000,
    "num_queries": 10000,
    "k": 10,
    "dimension": 128,
    "index_types": [
      "HNSW32"
    ],
    "metric": "L2",
    "both_wal": true,
    "enable_wal": false,
    "kv_keys": 100000,
    "kv_value_size": 100,
    "concurrency": [
      1,
      2,
      4,
      8,
      16
    ],
    "ingest_concurrency": 16,
    "client_parallelism": "process",
    "settle_timeout": 600,
    "post_ingest_wait": 60,
    "drop_existing": true,
    "cleanup": true,
    "space_prefix": "bench",
    "out": "results/vector_HNSW32_500000_10000.csv"
  }
}
Loaded SIFT1M: base=(1000000, 128) query=(10000, 128) groundtruth=(10000, 100)
[gt] computing exact ground-truth (num_base=500000, metric=L2)...
[gt] done in 32.3s

=== VECTOR index=HNSW32 wal=False ===
[ingest] 19961 vec/s (25.0s, 0 failed)
[settle] waiting 60s for training/flushing to settle...
[query] c=1    QPS=  1739.2 recall@10=0.8731 p99=0.86ms failed=0
[query] c=2    QPS=  2441.8 recall@10=0.8731 p99=1.11ms failed=0
[query] c=4    QPS=  4738.0 recall@10=0.8731 p99=1.19ms failed=0
[query] c=8    QPS=  6243.2 recall@10=0.8731 p99=1.42ms failed=0
[query] c=16   QPS=  5796.2 recall@10=0.8731 p99=2.54ms failed=0

=== VECTOR index=HNSW32 wal=True ===
[ingest] 558 vec/s (895.5s, 0 failed)
[settle] waiting 60s for training/flushing to settle...
[query] c=1    QPS=  1682.2 recall@10=0.8711 p99=0.97ms failed=0
[query] c=2    QPS=  2330.7 recall@10=0.8711 p99=1.21ms failed=0
[query] c=4    QPS=  4546.3 recall@10=0.8711 p99=1.24ms failed=0
[query] c=8    QPS=  6060.5 recall@10=0.8711 p99=1.54ms failed=0
[query] c=16   QPS=  4090.2 recall@10=0.8711 p99=2.63ms failed=0

=== Summary ===
vector_search    insert           HNSW32         wal=0 c=16     19960.7 ops/s p99=6.73ms
vector_search    search           HNSW32         wal=0 c=1       1739.2 ops/s p99=0.86ms recall@10=0.8731
vector_search    search           HNSW32         wal=0 c=2       2441.8 ops/s p99=1.11ms recall@10=0.8731
vector_search    search           HNSW32         wal=0 c=4       4738.0 ops/s p99=1.19ms recall@10=0.8731
vector_search    search           HNSW32         wal=0 c=8       6243.2 ops/s p99=1.42ms recall@10=0.8731
vector_search    search           HNSW32         wal=0 c=16      5796.2 ops/s p99=2.54ms recall@10=0.8731
vector_search    insert           HNSW32         wal=1 c=16       558.3 ops/s p99=36.71ms
vector_search    search           HNSW32         wal=1 c=1       1682.2 ops/s p99=0.97ms recall@10=0.8711
vector_search    search           HNSW32         wal=1 c=2       2330.7 ops/s p99=1.21ms recall@10=0.8711
vector_search    search           HNSW32         wal=1 c=4       4546.3 ops/s p99=1.24ms recall@10=0.8711
vector_search    search           HNSW32         wal=1 c=8       6060.5 ops/s p99=1.54ms recall@10=0.8711
vector_search    search           HNSW32         wal=1 c=16      4090.2 ops/s p99=2.63ms recall@10=0.8711

Wrote results/vector_HNSW32_500000_10000.csv and results/vector_HNSW32_500000_10000.json

# finished: 2026-08-11 14:23:19 UTC (elapsed 1113s, exit code 0)
